<html>
<body>
<pre>
<h1>礦ision Build Log</h1>
<h2>Project:</h2>
F:\2-单片机临时\temp.uvproj
Project File Date:  04/01/2016

<h2>Output:</h2>
Build target 'temp'
compiling main.c...
compiling stm32f10x_it.c...
compiling pixelC_HW_flagLight.c...
compiling pixelC_HW_Key.c...
compiling pixelC_HW_Port.c...
compiling pixelC_HW_SDcard.c...
compiling pixelC_HW_OLED.c...
compiling pixelC_HW_24C02.c...
compiling SOLGUI_Hardware.c...
compiling SOLGUI_Common.c...
compiling Font4x6_ASCII.c...
compiling Font6x8_ASCII.c...
compiling Font8x8_ASCII.c...
compiling Font8x10_ASCII.c...
compiling SOLGUI_Printf.c...
compiling SOLGUI_GBasic.c...
compiling SOLGUI_Picture.c...
compiling SOLGUI_Menu.c...
compiling SOLGUI_Widget.c...
compiling system.c...
compiling malloc.c...
compiling delay.c...
compiling I2C.c...
compiling SPI.c...
compiling diskio.c...
compiling ff.c...
assembling cortexm3_macro.s...
assembling stm32f10x_vector.s...
linking...
Program Size: Code=16722 RO-data=1322 RW-data=328 ZI-data=3240  
FromELF: creating hex file...
".\output\temp.axf" - 0 Error(s), 0 Warning(s).
Build target 'temp'
compiling main.c...
compiling stm32f10x_it.c...
compiling pixelC_HW_flagLight.c...
compiling pixelC_HW_Key.c...
compiling pixelC_HW_Port.c...
compiling pixelC_HW_SDcard.c...
compiling pixelC_HW_OLED.c...
compiling pixelC_HW_24C02.c...
compiling SOLGUI_Hardware.c...
compiling SOLGUI_Common.c...
compiling Font4x6_ASCII.c...
compiling Font6x8_ASCII.c...
compiling Font8x8_ASCII.c...
compiling Font8x10_ASCII.c...
compiling SOLGUI_Printf.c...
compiling SOLGUI_GBasic.c...
compiling SOLGUI_Picture.c...
compiling SOLGUI_Menu.c...
compiling SOLGUI_Widget.c...
compiling system.c...
compiling malloc.c...
compiling delay.c...
compiling I2C.c...
compiling SPI.c...
compiling diskio.c...
compiling ff.c...
assembling cortexm3_macro.s...
assembling stm32f10x_vector.s...
linking...
Program Size: Code=16722 RO-data=1322 RW-data=328 ZI-data=3240  
FromELF: creating hex file...
".\output\temp.axf" - 0 Error(s), 0 Warning(s).
Build target 'temp'
compiling pixelC_HW_Port.c...
pixelC_hardware\pixelC_HW_Port.c(67): warning:  #177-D: function "Port_PinInit_PWM" was declared but never referenced
pixelC_hardware\pixelC_HW_Port.c:   static void Port_PinInit_PWM(PIN_PXx PXx)
pixelC_hardware\pixelC_HW_Port.c:               ^
pixelC_hardware\pixelC_HW_Port.c: pixelC_hardware\pixelC_HW_Port.c: 1 warning, 0 errors
linking...
Program Size: Code=16722 RO-data=1322 RW-data=328 ZI-data=3240  
FromELF: creating hex file...
".\output\temp.axf" - 0 Error(s), 1 Warning(s).
Build target 'temp'
compiling pixelC_HW_Port.c...
linking...
Program Size: Code=16730 RO-data=1322 RW-data=328 ZI-data=3240  
FromELF: creating hex file...
".\output\temp.axf" - 0 Error(s), 0 Warning(s).
Build target 'temp'
compiling pixelC_HW_Port.c...
linking...
Program Size: Code=16730 RO-data=1322 RW-data=328 ZI-data=3240  
FromELF: creating hex file...
".\output\temp.axf" - 0 Error(s), 0 Warning(s).
Build target 'temp'
linking...
Program Size: Code=16730 RO-data=1322 RW-data=328 ZI-data=3240  
FromELF: creating hex file...
".\output\temp.axf" - 0 Error(s), 0 Warning(s).
Build target 'temp'
compiling pixelC_HW_Port.c...
linking...
Program Size: Code=17042 RO-data=1322 RW-data=328 ZI-data=3240  
FromELF: creating hex file...
".\output\temp.axf" - 0 Error(s), 0 Warning(s).
Build target 'temp'
compiling main.c...
.\pixelC_hardware\pixelC_HW_Port.h(50): warning:  #77-D: this declaration has no storage class or type specifier
.\pixelC_hardware\pixelC_HW_Port.h:   pixelC_HW_Port_setPWM(PIN_PXx PXx,u16 ccr,u16 arr,u16 psc,u8 pwm_on,u8 tim_on);   //设置PWM值
.\pixelC_hardware\pixelC_HW_Port.h:   ^
.\pixelC_hardware\pixelC_HW_Port.h: user\main.c: 1 warning, 0 errors
compiling pixelC_HW_flagLight.c...
pixelC_hardware\pixelC_HW_Port.h(50): warning:  #77-D: this declaration has no storage class or type specifier
pixelC_hardware\pixelC_HW_Port.h:   pixelC_HW_Port_setPWM(PIN_PXx PXx,u16 ccr,u16 arr,u16 psc,u8 pwm_on,u8 tim_on);     //设置PWM值
pixelC_hardware\pixelC_HW_Port.h:   ^
pixelC_hardware\pixelC_HW_Port.h: pixelC_hardware\pixelC_HW_flagLight.c: 1 warning, 0 errors
compiling pixelC_HW_Key.c...
pixelC_hardware\pixelC_HW_Port.h(50): warning:  #77-D: this declaration has no storage class or type specifier
pixelC_hardware\pixelC_HW_Port.h:   pixelC_HW_Port_setPWM(PIN_PXx PXx,u16 ccr,u16 arr,u16 psc,u8 pwm_on,u8 tim_on);     //设置PWM值
pixelC_hardware\pixelC_HW_Port.h:   ^
pixelC_hardware\pixelC_HW_Port.h: pixelC_hardware\pixelC_HW_Key.c: 1 warning, 0 errors
compiling pixelC_HW_Port.c...
pixelC_hardware\pixelC_HW_Port.h(50): warning:  #77-D: this declaration has no storage class or type specifier
pixelC_hardware\pixelC_HW_Port.h:   pixelC_HW_Port_setPWM(PIN_PXx PXx,u16 ccr,u16 arr,u16 psc,u8 pwm_on,u8 tim_on);     //设置PWM值
pixelC_hardware\pixelC_HW_Port.h:   ^
pixelC_hardware\pixelC_HW_Port.c(111): error:  #147: declaration is incompatible with "int pixelC_HW_Port_setPWM(PIN_PXx, u16, u16, u16, u8, u8)" (declared at line 50 of "pixelC_hardware\pixelC_HW_Port.h")
pixelC_hardware\pixelC_HW_Port.c:   void pixelC_HW_Port_setPWM(PIN_PXx PXx,u16 ccr,u16 arr,u16 psc,u8 pwm_on,u8 tim_on)
pixelC_hardware\pixelC_HW_Port.c:        ^
pixelC_hardware\pixelC_HW_Port.c: pixelC_hardware\pixelC_HW_Port.c: 1 warning, 1 error
compiling pixelC_HW_SDcard.c...
pixelC_hardware\pixelC_HW_Port.h(50): warning:  #77-D: this declaration has no storage class or type specifier
pixelC_hardware\pixelC_HW_Port.h:   pixelC_HW_Port_setPWM(PIN_PXx PXx,u16 ccr,u16 arr,u16 psc,u8 pwm_on,u8 tim_on);     //设置PWM值
pixelC_hardware\pixelC_HW_Port.h:   ^
pixelC_hardware\pixelC_HW_Port.h: pixelC_hardware\pixelC_HW_SDcard.c: 1 warning, 0 errors
compiling pixelC_HW_OLED.c...
pixelC_hardware\pixelC_HW_Port.h(50): warning:  #77-D: this declaration has no storage class or type specifier
pixelC_hardware\pixelC_HW_Port.h:   pixelC_HW_Port_setPWM(PIN_PXx PXx,u16 ccr,u16 arr,u16 psc,u8 pwm_on,u8 tim_on);     //设置PWM值
pixelC_hardware\pixelC_HW_Port.h:   ^
pixelC_hardware\pixelC_HW_Port.h: pixelC_hardware\pixelC_HW_OLED.c: 1 warning, 0 errors
compiling pixelC_HW_24C02.c...
pixelC_hardware\pixelC_HW_Port.h(50): warning:  #77-D: this declaration has no storage class or type specifier
pixelC_hardware\pixelC_HW_Port.h:   pixelC_HW_Port_setPWM(PIN_PXx PXx,u16 ccr,u16 arr,u16 psc,u8 pwm_on,u8 tim_on);     //设置PWM值
pixelC_hardware\pixelC_HW_Port.h:   ^
pixelC_hardware\pixelC_HW_Port.h: pixelC_hardware\pixelC_HW_24C02.c: 1 warning, 0 errors
compiling diskio.c...
.\pixelC_hardware\pixelC_HW_Port.h(50): warning:  #77-D: this declaration has no storage class or type specifier
.\pixelC_hardware\pixelC_HW_Port.h:   pixelC_HW_Port_setPWM(PIN_PXx PXx,u16 ccr,u16 arr,u16 psc,u8 pwm_on,u8 tim_on);   //设置PWM值
.\pixelC_hardware\pixelC_HW_Port.h:   ^
.\pixelC_hardware\pixelC_HW_Port.h: pixelC_hardware\pixelC_HW_SDcard_FATFS0.09a\diskio.c: 1 warning, 0 errors
Project build/rebuild aborted.
Target not created
Build target 'temp'
compiling main.c...
compiling pixelC_HW_flagLight.c...
compiling pixelC_HW_Key.c...
compiling pixelC_HW_Port.c...
compiling pixelC_HW_SDcard.c...
compiling pixelC_HW_OLED.c...
compiling pixelC_HW_24C02.c...
compiling diskio.c...
linking...
Program Size: Code=17042 RO-data=1322 RW-data=328 ZI-data=3240  
FromELF: creating hex file...
".\output\temp.axf" - 0 Error(s), 0 Warning(s).
Build target 'temp'
compiling main.c...
compiling pixelC_HW_flagLight.c...
compiling pixelC_HW_Key.c...
compiling pixelC_HW_Port.c...
compiling pixelC_HW_SDcard.c...
compiling pixelC_HW_OLED.c...
compiling pixelC_HW_24C02.c...
compiling diskio.c...
linking...
Program Size: Code=17042 RO-data=1322 RW-data=328 ZI-data=3240  
FromELF: creating hex file...
".\output\temp.axf" - 0 Error(s), 0 Warning(s).
Build target 'temp'
compiling main.c...
compiling pixelC_HW_flagLight.c...
compiling pixelC_HW_Key.c...
compiling pixelC_HW_Port.c...
pixelC_hardware\pixelC_HW_Port.c(84): error:  #20: identifier "tim_on" is undefined
pixelC_hardware\pixelC_HW_Port.c:       TIM2->CR1|=tim_on<<0;           //使能定时器2                           
pixelC_hardware\pixelC_HW_Port.c:                  ^
pixelC_hardware\pixelC_HW_Port.c: pixelC_hardware\pixelC_HW_Port.c: 0 warnings, 1 error
compiling pixelC_HW_SDcard.c...
compiling pixelC_HW_OLED.c...
compiling pixelC_HW_24C02.c...
compiling diskio.c...
Target not created
Build target 'temp'
compiling pixelC_HW_Port.c...
linking...
Program Size: Code=17022 RO-data=1322 RW-data=324 ZI-data=3244  
FromELF: creating hex file...
".\output\temp.axf" - 0 Error(s), 0 Warning(s).
Build target 'temp'
compiling main.c...
linking...
Program Size: Code=17022 RO-data=1322 RW-data=324 ZI-data=3244  
FromELF: creating hex file...
".\output\temp.axf" - 0 Error(s), 0 Warning(s).
Build target 'temp'
compiling main.c...
linking...
Program Size: Code=17106 RO-data=1322 RW-data=328 ZI-data=3240  
FromELF: creating hex file...
".\output\temp.axf" - 0 Error(s), 0 Warning(s).
Build target 'temp'
compiling pixelC_HW_Port.c...
linking...
Program Size: Code=17106 RO-data=1322 RW-data=328 ZI-data=3240  
FromELF: creating hex file...
".\output\temp.axf" - 0 Error(s), 0 Warning(s).
Build target 'temp'
compiling main.c...
compiling stm32f10x_it.c...
compiling pixelC_HW_flagLight.c...
compiling pixelC_HW_Key.c...
compiling pixelC_HW_Port.c...
compiling pixelC_HW_SDcard.c...
compiling pixelC_HW_OLED.c...
compiling pixelC_HW_24C02.c...
compiling SOLGUI_Hardware.c...
compiling SOLGUI_Common.c...
compiling Font4x6_ASCII.c...
compiling Font6x8_ASCII.c...
compiling Font8x8_ASCII.c...
compiling Font8x10_ASCII.c...
compiling SOLGUI_Printf.c...
compiling SOLGUI_GBasic.c...
compiling SOLGUI_Picture.c...
compiling SOLGUI_Menu.c...
compiling SOLGUI_Widget.c...
compiling system.c...
compiling malloc.c...
compiling delay.c...
compiling I2C.c...
compiling SPI.c...
compiling diskio.c...
compiling ff.c...
assembling cortexm3_macro.s...
assembling stm32f10x_vector.s...
linking...
Program Size: Code=17106 RO-data=1322 RW-data=328 ZI-data=3240  
FromELF: creating hex file...
".\output\temp.axf" - 0 Error(s), 0 Warning(s).
Build target 'temp'
compiling pixelC_HW_Port.c...
linking...
Program Size: Code=17102 RO-data=1322 RW-data=328 ZI-data=3240  
FromELF: creating hex file...
".\output\temp.axf" - 0 Error(s), 0 Warning(s).
Build target 'temp'
compiling pixelC_HW_Port.c...
linking...
Program Size: Code=17102 RO-data=1322 RW-data=328 ZI-data=3240  
FromELF: creating hex file...
".\output\temp.axf" - 0 Error(s), 0 Warning(s).
Build target 'temp'
compiling main.c...
compiling pixelC_HW_Port.c...
linking...
Program Size: Code=17098 RO-data=1322 RW-data=328 ZI-data=3240  
FromELF: creating hex file...
".\output\temp.axf" - 0 Error(s), 0 Warning(s).
Build target 'temp'
compiling pixelC_HW_Port.c...
linking...
Program Size: Code=17086 RO-data=1322 RW-data=328 ZI-data=3240  
FromELF: creating hex file...
".\output\temp.axf" - 0 Error(s), 0 Warning(s).
Build target 'temp'
compiling main.c...
linking...
Program Size: Code=17002 RO-data=1322 RW-data=324 ZI-data=3244  
FromELF: creating hex file...
".\output\temp.axf" - 0 Error(s), 0 Warning(s).
Build target 'temp'
compiling main.c...
linking...
Program Size: Code=17002 RO-data=1322 RW-data=324 ZI-data=3244  
FromELF: creating hex file...
".\output\temp.axf" - 0 Error(s), 0 Warning(s).
Build target 'temp'
compiling main.c...
linking...
Program Size: Code=17086 RO-data=1322 RW-data=328 ZI-data=3240  
FromELF: creating hex file...
".\output\temp.axf" - 0 Error(s), 0 Warning(s).
Build target 'temp'
compiling main.c...
linking...
Program Size: Code=17090 RO-data=1322 RW-data=328 ZI-data=3240  
FromELF: creating hex file...
".\output\temp.axf" - 0 Error(s), 0 Warning(s).
Build target 'temp'
compiling main.c...
linking...
Program Size: Code=17086 RO-data=1322 RW-data=328 ZI-data=3240  
FromELF: creating hex file...
".\output\temp.axf" - 0 Error(s), 0 Warning(s).
Build target 'temp'
linking...
Program Size: Code=17086 RO-data=1322 RW-data=328 ZI-data=3240  
FromELF: creating hex file...
".\output\temp.axf" - 0 Error(s), 0 Warning(s).
Build target 'temp'
compiling pixelC_HW_Port.c...
linking...
Program Size: Code=17086 RO-data=1322 RW-data=328 ZI-data=3240  
FromELF: creating hex file...
".\output\temp.axf" - 0 Error(s), 0 Warning(s).
Build target 'temp'
compiling main.c...
linking...
Program Size: Code=17050 RO-data=1322 RW-data=328 ZI-data=3240  
FromELF: creating hex file...
".\output\temp.axf" - 0 Error(s), 0 Warning(s).
Build target 'temp'
compiling main.c...
linking...
Program Size: Code=17054 RO-data=1322 RW-data=328 ZI-data=3240  
FromELF: creating hex file...
".\output\temp.axf" - 0 Error(s), 0 Warning(s).
