<html>
<body>
<pre>
<h1>µVision Build Log</h1>
<h2>Project:</h2>
F:\2-µ•∆¨ª˙¡Ÿ ±\temp.uvproj
Project File Date:  05/22/2016

<h2>Output:</h2>
Build target 'temp'
compiling main.c...
linking...
Program Size: Code=15826 RO-data=1322 RW-data=316 ZI-data=3244  
FromELF: creating hex file...
".\output\temp.axf" - 0 Error(s), 0 Warning(s).
Build target 'temp'
compiling main.c...
compiling menu.c...
compiling pixelC_HW_flagLight.c...
compiling pixelC_HW_Key.c...
compiling pixelC_HW_Port.c...
compiling pixelC_HW_SDcard.c...
compiling pixelC_HW_OLED.c...
compiling pixelC_HW_24C02.c...
compiling diskio.c...
linking...
Program Size: Code=15826 RO-data=1322 RW-data=316 ZI-data=3244  
FromELF: creating hex file...
".\output\temp.axf" - 0 Error(s), 0 Warning(s).
