ARM Linker, 4.1 [Build 481] [Standard]

==============================================================================

Section Cross References

    main.o(.text) refers to system.o(.text) for Stm32_Clock_Init
    main.o(.text) refers to delay.o(.text) for delay_init
    main.o(.text) refers to pixelc_hw_key.o(.text) for pixelC_HW_Key_Init
    main.o(.text) refers to solgui_common.o(.text) for SOLGUI_Init
    main.o(.text) refers to solgui_menu.o(.text) for SOLGUI_InputKey
    main.o(.text) refers to menu.o(.data) for index
    menu.o(.text) refers to solgui_widget.o(.text) for SOLGUI_Widget_Text
    menu.o(.data) refers to menu.o(.conststring) for .conststring
    menu.o(.data) refers to menu.o(.text) for _index
    pixelc_hw_flaglight.o(.text) refers to delay.o(.text) for delay_ms
    pixelc_hw_key.o(.text) refers to pixelc_hw_key.o(.data) for key_value
    pixelc_hw_key.o(.data) refers to pixelc_hw_key.o(.text) for Is_Key_R_Down
    pixelc_hw_port.o(.text) refers to usart.o(.text) for _myprintf
    pixelc_hw_port.o(.text) refers to fflt_clz.o(x$fpl$ffltu) for __aeabi_ui2f
    pixelc_hw_port.o(.text) refers to fdiv.o(x$fpl$fdiv) for __aeabi_fdiv
    pixelc_hw_port.o(.text) refers to ffixu.o(x$fpl$ffixu) for __aeabi_f2uiz
    pixelc_hw_port.o(.text) refers to faddsub_clz.o(x$fpl$frsb) for __aeabi_frsub
    pixelc_hw_port.o(.text) refers to fmul.o(x$fpl$fmul) for __aeabi_fmul
    pixelc_hw_port.o(.text) refers to system.o(.text) for System_NVIC_Init
    pixelc_hw_sdcard.o(.text) refers to pixelc_hw_sdcard.o(.data) for SD_Type
    pixelc_hw_oled.o(.text) refers to delay.o(.text) for delay_ms
    pixelc_hw_24c02.o(.text) refers to i2c.o(.text) for I2C_Port_Init
    pixelc_hw_24c02.o(.text) refers to delay.o(.text) for delay_ms
    pixelc_hw_24c02.o(.text) refers to pixelc_hw_24c02.o(.data) for pixelC_HW_24C02
    pixelc_hw_24c02.o(.data) refers to pixelc_hw_24c02.o(.text) for pixelC_HW_24C02_Port_Init
    solgui_hardware.o(.text) refers to pixelc_hw_oled.o(.text) for pixelC_HW_OLED_Init
    solgui_common.o(.text) refers to solgui_hardware.o(.text) for SOLGUI_Hardware_Init
    solgui_common.o(.text) refers to rt_memclr.o(.text) for __aeabi_memclr
    solgui_common.o(.text) refers to solgui_menu.o(.text) for SOLGUI_Menu_SetHomePage
    solgui_common.o(.text) refers to solgui_common.o(.bss) for SOLGUI_GRAM
    solgui_printf.o(.text) refers to solgui_common.o(.text) for SOLGUI_DrawPoint
    solgui_printf.o(.text) refers to dleqf.o(x$fpl$dleqf) for __aeabi_cdcmple
    solgui_printf.o(.text) refers to dmul.o(x$fpl$dmul) for __aeabi_dmul
    solgui_printf.o(.text) refers to dfix.o(x$fpl$dfix) for __aeabi_d2iz
    solgui_printf.o(.text) refers to dflt_clz.o(x$fpl$dflt) for __aeabi_i2d
    solgui_printf.o(.text) refers to daddsub_clz.o(x$fpl$drsb) for __aeabi_drsub
    solgui_printf.o(.text) refers to solgui_printf.o(.data) for _fontInfo_6x8
    solgui_printf.o(.data) refers to font6x8_ascii.o(.constdata) for _Font6x8
    solgui_gbasic.o(.text) refers to solgui_common.o(.text) for SOLGUI_DrawPoint
    solgui_picture.o(.text) refers to solgui_common.o(.text) for SOLGUI_DrawPoint
    solgui_menu.o(.text) refers to strlen.o(.text) for strlen
    solgui_menu.o(.text) refers to solgui_printf.o(.text) for SOLGUI_printf
    solgui_menu.o(.text) refers to solgui_gbasic.o(.text) for SOLGUI_GBasic_Line
    solgui_menu.o(.text) refers to solgui_menu.o(.data) for _key_cache
    solgui_menu.o(.text) refers to solgui_widget.o(.data) for cursor
    solgui_widget.o(.text) refers to solgui_menu.o(.text) for SOLGUI_GetCurrentKey
    solgui_widget.o(.text) refers to solgui_printf.o(.text) for SOLGUI_printf
    solgui_widget.o(.text) refers to solgui_gbasic.o(.text) for SOLGUI_GBasic_Line
    solgui_widget.o(.text) refers to dflt_clz.o(x$fpl$dfltu) for __aeabi_ui2d
    solgui_widget.o(.text) refers to ddiv.o(x$fpl$ddiv) for __aeabi_ddiv
    solgui_widget.o(.text) refers to dflt_clz.o(x$fpl$dflt) for __aeabi_i2d
    solgui_widget.o(.text) refers to dmul.o(x$fpl$dmul) for __aeabi_dmul
    solgui_widget.o(.text) refers to daddsub_clz.o(x$fpl$dsub) for __aeabi_dsub
    solgui_widget.o(.text) refers to dfixu.o(x$fpl$dfixu) for __aeabi_d2uiz
    solgui_widget.o(.text) refers to daddsub_clz.o(x$fpl$dadd) for __aeabi_dadd
    solgui_widget.o(.text) refers to dleqf.o(x$fpl$dleqf) for __aeabi_cdcmple
    solgui_widget.o(.text) refers to solgui_widget.o(.data) for cursor
    solgui_widget.o(.text) refers to solgui_menu.o(.data) for SOLGUI_CSR
    solgui_widget.o(.text) refers to solgui_widget.o(.bss) for option_enable_list
    solgui_widget.o(.text) refers to dfix.o(x$fpl$dfix) for __aeabi_d2iz
    solgui_widget.o(.text) refers to f2d.o(x$fpl$f2d) for __aeabi_f2d
    solgui_widget.o(.text) refers to d2f.o(x$fpl$d2f) for __aeabi_d2f
    solgui_widget.o(.text) refers to faddsub_clz.o(x$fpl$fadd) for __aeabi_fadd
    solgui_widget.o(.text) refers to drleqf.o(x$fpl$drleqf) for __aeabi_cdrcmple
[...]
    dflt_clz.o(x$fpl$dflt) refers (Special) to usenofp.o(x$fpl$usenofp) for __I$use$fp
    dflt_clz.o(x$fpl$dfltn) refers (Special) to usenofp.o(x$fpl$usenofp) for __I$use$fp
    dleqf.o(x$fpl$dleqf) refers (Special) to usenofp.o(x$fpl$usenofp) for __I$use$fp
    dleqf.o(x$fpl$dleqf) refers to dnaninf.o(x$fpl$dnaninf) for __fpl_dnaninf
    dleqf.o(x$fpl$dleqf) refers to dcmpi.o(x$fpl$dcmpinf) for __fpl_dcmp_Inf
    dmul.o(x$fpl$dmul) refers (Special) to usenofp.o(x$fpl$usenofp) for __I$use$fp
    dmul.o(x$fpl$dmul) refers to dretinf.o(x$fpl$dretinf) for __fpl_dretinf
    dmul.o(x$fpl$dmul) refers to dnaninf.o(x$fpl$dnaninf) for __fpl_dnaninf
    drleqf.o(x$fpl$drleqf) refers (Special) to usenofp.o(x$fpl$usenofp) for __I$use$fp
    drleqf.o(x$fpl$drleqf) refers to dleqf.o(x$fpl$dleqf) for __fpl_dcmple_InfNaN
    f2d.o(x$fpl$f2d) refers (Special) to usenofp.o(x$fpl$usenofp) for __I$use$fp
    f2d.o(x$fpl$f2d) refers to fnaninf.o(x$fpl$fnaninf) for __fpl_fnaninf
    f2d.o(x$fpl$f2d) refers to dretinf.o(x$fpl$dretinf) for __fpl_dretinf
    faddsub_clz.o(x$fpl$fadd) refers (Special) to usenofp.o(x$fpl$usenofp) for __I$use$fp
    faddsub_clz.o(x$fpl$fadd) refers to faddsub_clz.o(x$fpl$fsub) for _fsub1
    faddsub_clz.o(x$fpl$fadd) refers to fretinf.o(x$fpl$fretinf) for __fpl_fretinf
    faddsub_clz.o(x$fpl$fadd) refers to fnaninf.o(x$fpl$fnaninf) for __fpl_fnaninf
    faddsub_clz.o(x$fpl$frsb) refers (Special) to usenofp.o(x$fpl$usenofp) for __I$use$fp
    faddsub_clz.o(x$fpl$frsb) refers to faddsub_clz.o(x$fpl$fadd) for _fadd1
    faddsub_clz.o(x$fpl$frsb) refers to faddsub_clz.o(x$fpl$fsub) for _fsub1
    faddsub_clz.o(x$fpl$fsub) refers (Special) to usenofp.o(x$fpl$usenofp) for __I$use$fp
    faddsub_clz.o(x$fpl$fsub) refers to faddsub_clz.o(x$fpl$fadd) for _fadd1
    faddsub_clz.o(x$fpl$fsub) refers to fnaninf.o(x$fpl$fnaninf) for __fpl_fnaninf
    fdiv.o(x$fpl$frdiv) refers (Special) to usenofp.o(x$fpl$usenofp) for __I$use$fp
    fdiv.o(x$fpl$frdiv) refers to fdiv.o(x$fpl$fdiv) for _fdiv1
    fdiv.o(x$fpl$fdiv) refers (Special) to usenofp.o(x$fpl$usenofp) for __I$use$fp
    fdiv.o(x$fpl$fdiv) refers to fretinf.o(x$fpl$fretinf) for __fpl_fretinf
    fdiv.o(x$fpl$fdiv) refers to fnaninf.o(x$fpl$fnaninf) for __fpl_fnaninf
    ffixu.o(x$fpl$ffixu) refers (Special) to usenofp.o(x$fpl$usenofp) for __I$use$fp
    ffixu.o(x$fpl$ffixu) refers to fnaninf.o(x$fpl$fnaninf) for __fpl_fnaninf
    ffixu.o(x$fpl$ffixur) refers (Special) to usenofp.o(x$fpl$usenofp) for __I$use$fp
    ffixu.o(x$fpl$ffixur) refers to fnaninf.o(x$fpl$fnaninf) for __fpl_fnaninf
    fflt_clz.o(x$fpl$ffltu) refers (Special) to usenofp.o(x$fpl$usenofp) for __I$use$fp
    fflt_clz.o(x$fpl$fflt) refers (Special) to usenofp.o(x$fpl$usenofp) for __I$use$fp
    fflt_clz.o(x$fpl$ffltn) refers (Special) to usenofp.o(x$fpl$usenofp) for __I$use$fp
    fmul.o(x$fpl$fmul) refers (Special) to usenofp.o(x$fpl$usenofp) for __I$use$fp
    fmul.o(x$fpl$fmul) refers to fretinf.o(x$fpl$fretinf) for __fpl_fretinf
    fmul.o(x$fpl$fmul) refers to fnaninf.o(x$fpl$fnaninf) for __fpl_fnaninf
    rtentry.o(.ARM.Collect$$rtentry$$00000000) refers (Special) to rtentry2.o(.ARM.Collect$$rtentry$$0000000A) for __rt_entry_li
    rtentry.o(.ARM.Collect$$rtentry$$00000000) refers (Special) to rtentry2.o(.ARM.Collect$$rtentry$$0000000D) for __rt_entry_main
    rtentry.o(.ARM.Collect$$rtentry$$00000000) refers (Special) to rtentry2.o(.ARM.Collect$$rtentry$$0000000C) for __rt_entry_postli_1
    rtentry.o(.ARM.Collect$$rtentry$$00000000) refers (Special) to rtentry2.o(.ARM.Collect$$rtentry$$00000009) for __rt_entry_postsh_1
    rtentry.o(.ARM.Collect$$rtentry$$00000000) refers (Special) to rtentry2.o(.ARM.Collect$$rtentry$$00000002) for __rt_entry_presh_1
    rtentry.o(.ARM.Collect$$rtentry$$00000000) refers (Special) to rtentry4.o(.ARM.Collect$$rtentry$$00000004) for __rt_entry_sh
    rtentry.o(.ARM.exidx) refers (Special) to rtentry2.o(.ARM.Collect$$rtentry$$0000000A) for __rt_entry_li
    rtentry.o(.ARM.exidx) refers (Special) to rtentry2.o(.ARM.Collect$$rtentry$$0000000D) for __rt_entry_main
    rtentry.o(.ARM.exidx) refers (Special) to rtentry2.o(.ARM.Collect$$rtentry$$0000000C) for __rt_entry_postli_1
    rtentry.o(.ARM.exidx) refers (Special) to rtentry2.o(.ARM.Collect$$rtentry$$00000009) for __rt_entry_postsh_1
    rtentry.o(.ARM.exidx) refers (Special) to rtentry2.o(.ARM.Collect$$rtentry$$00000002) for __rt_entry_presh_1
    rtentry.o(.ARM.exidx) refers (Special) to rtentry4.o(.ARM.Collect$$rtentry$$00000004) for __rt_entry_sh
    rtentry.o(.ARM.exidx) refers to rtentry.o(.ARM.Collect$$rtentry$$00000000) for .ARM.Collect$$rtentry$$00000000
    dcmpi.o(x$fpl$dcmpinf) refers (Special) to usenofp.o(x$fpl$usenofp) for __I$use$fp
    dnaninf.o(x$fpl$dnaninf) refers (Special) to usenofp.o(x$fpl$usenofp) for __I$use$fp
    dretinf.o(x$fpl$dretinf) refers (Special) to usenofp.o(x$fpl$usenofp) for __I$use$fp
    fnaninf.o(x$fpl$fnaninf) refers (Special) to usenofp.o(x$fpl$usenofp) for __I$use$fp
    fretinf.o(x$fpl$fretinf) refers (Special) to usenofp.o(x$fpl$usenofp) for __I$use$fp
    rtentry2.o(.ARM.Collect$$rtentry$$00000008) refers to boardinit2.o(.text) for _platform_post_stackheap_init
    rtentry2.o(.ARM.Collect$$rtentry$$0000000A) refers to libinit.o(.ARM.Collect$$libinit$$00000000) for __rt_lib_init
    rtentry2.o(.ARM.Collect$$rtentry$$0000000B) refers to boardinit3.o(.text) for _platform_post_lib_init
    rtentry2.o(.ARM.Collect$$rtentry$$0000000D) refers to main.o(.text) for main
    rtentry2.o(.ARM.Collect$$rtentry$$0000000D) refers to exit.o(.text) for exit
    rtentry2.o(.ARM.exidx) refers to rtentry2.o(.ARM.Collect$$rtentry$$00000001) for .ARM.Collect$$rtentry$$00000001
    rtentry2.o(.ARM.exidx) refers to rtentry2.o(.ARM.Collect$$rtentry$$00000002) for .ARM.Collect$$rtentry$$00000002
    rtentry2.o(.ARM.exidx) refers to rtentry2.o(.ARM.Collect$$rtentry$$00000008) for .ARM.Collect$$rtentry$$00000008
    rtentry2.o(.ARM.exidx) refers to rtentry2.o(.ARM.Collect$$rtentry$$00000009) for .ARM.Collect$$rtentry$$00000009
    rtentry2.o(.ARM.exidx) refers to rtentry2.o(.ARM.Collect$$rtentry$$0000000A) for .ARM.Collect$$rtentry$$0000000A
    rtentry2.o(.ARM.exidx) refers to rtentry2.o(.ARM.Collect$$rtentry$$0000000B) for .ARM.Collect$$rtentry$$0000000B
    rtentry2.o(.ARM.exidx) refers to rtentry2.o(.ARM.Collect$$rtentry$$0000000C) for .ARM.Collect$$rtentry$$0000000C
    rtentry2.o(.ARM.exidx) refers to rtentry2.o(.ARM.Collect$$rtentry$$0000000D) for .ARM.Collect$$rtentry$$0000000D
    rtentry4.o(.ARM.Collect$$rtentry$$00000004) refers to sys_stackheap_outer.o(.text) for __user_setup_stackheap
    rtentry4.o(.ARM.exidx) refers to rtentry4.o(.ARM.Collect$$rtentry$$00000004) for .ARM.Collect$$rtentry$$00000004
    sys_stackheap_outer.o(.text) refers to libspace.o(.text) for __user_perproc_libspace
    sys_stackheap_outer.o(.text) refers to stm32f10x_vector.o(.text) for __user_initial_stackheap
    exit.o(.text) refers to rtexit.o(.ARM.Collect$$rtexit$$00000000) for __rt_exit
    libinit.o(.ARM.Collect$$libinit$$00000000) refers (Special) to libinit2.o(.ARM.Collect$$libinit$$0000002A) for __rt_lib_init_alloca_1
    libinit.o(.ARM.Collect$$libinit$$00000000) refers (Special) to libinit2.o(.ARM.Collect$$libinit$$00000028) for __rt_lib_init_argv_1
    libinit.o(.ARM.Collect$$libinit$$00000000) refers (Special) to libinit2.o(.ARM.Collect$$libinit$$00000017) for __rt_lib_init_atexit_1
    libinit.o(.ARM.Collect$$libinit$$00000000) refers (Special) to libinit2.o(.ARM.Collect$$libinit$$0000001D) for __rt_lib_init_clock_1
    libinit.o(.ARM.Collect$$libinit$$00000000) refers (Special) to libinit2.o(.ARM.Collect$$libinit$$0000002E) for __rt_lib_init_cpp_1
    libinit.o(.ARM.Collect$$libinit$$00000000) refers (Special) to libinit2.o(.ARM.Collect$$libinit$$0000002C) for __rt_lib_init_exceptions_1
    libinit.o(.ARM.Collect$$libinit$$00000000) refers (Special) to libinit2.o(.ARM.Collect$$libinit$$0000001B) for __rt_lib_init_fp_trap_1
    libinit.o(.ARM.Collect$$libinit$$00000000) refers (Special) to libinit2.o(.ARM.Collect$$libinit$$0000001F) for __rt_lib_init_getenv_1
    libinit.o(.ARM.Collect$$libinit$$00000000) refers (Special) to libinit2.o(.ARM.Collect$$libinit$$00000006) for __rt_lib_init_heap_1
    libinit.o(.ARM.Collect$$libinit$$00000000) refers (Special) to libinit2.o(.ARM.Collect$$libinit$$0000000D) for __rt_lib_init_lc_collate_1
    libinit.o(.ARM.Collect$$libinit$$00000000) refers (Special) to libinit2.o(.ARM.Collect$$libinit$$0000000F) for __rt_lib_init_lc_ctype_1
    libinit.o(.ARM.Collect$$libinit$$00000000) refers (Special) to libinit2.o(.ARM.Collect$$libinit$$00000011) for __rt_lib_init_lc_monetary_1
    libinit.o(.ARM.Collect$$libinit$$00000000) refers (Special) to libinit2.o(.ARM.Collect$$libinit$$00000013) for __rt_lib_init_lc_numeric_1
    libinit.o(.ARM.Collect$$libinit$$00000000) refers (Special) to libinit2.o(.ARM.Collect$$libinit$$00000015) for __rt_lib_init_lc_time_1
    libinit.o(.ARM.Collect$$libinit$$00000000) refers (Special) to libinit2.o(.ARM.Collect$$libinit$$0000000A) for __rt_lib_init_rand_1
    libinit.o(.ARM.Collect$$libinit$$00000000) refers (Special) to libinit2.o(.ARM.Collect$$libinit$$0000002F) for __rt_lib_init_return
    libinit.o(.ARM.Collect$$libinit$$00000000) refers (Special) to libinit2.o(.ARM.Collect$$libinit$$00000019) for __rt_lib_init_signal_1
    libinit.o(.ARM.Collect$$libinit$$00000000) refers (Special) to libinit2.o(.ARM.Collect$$libinit$$00000021) for __rt_lib_init_stdio_1
    libinit.o(.ARM.Collect$$libinit$$00000000) refers (Special) to libinit2.o(.ARM.Collect$$libinit$$00000008) for __rt_lib_init_user_alloc_1
    libinit.o(.ARM.Collect$$libinit$$00000000) refers to fpinit.o(x$fpl$fpinit) for _fp_init
    libspace.o(.text) refers to libspace.o(.bss) for __libspace_start
    rtexit.o(.ARM.Collect$$rtexit$$00000000) refers (Special) to rtexit2.o(.ARM.Collect$$rtexit$$00000004) for __rt_exit_exit
    rtexit.o(.ARM.Collect$$rtexit$$00000000) refers (Special) to rtexit2.o(.ARM.Collect$$rtexit$$00000003) for __rt_exit_ls
    rtexit.o(.ARM.Collect$$rtexit$$00000000) refers (Special) to rtexit2.o(.ARM.Collect$$rtexit$$00000002) for __rt_exit_prels_1
    rtexit.o(.ARM.exidx) refers (Special) to rtexit2.o(.ARM.Collect$$rtexit$$00000004) for __rt_exit_exit
    rtexit.o(.ARM.exidx) refers (Special) to rtexit2.o(.ARM.Collect$$rtexit$$00000003) for __rt_exit_ls
    rtexit.o(.ARM.exidx) refers (Special) to rtexit2.o(.ARM.Collect$$rtexit$$00000002) for __rt_exit_prels_1
    rtexit.o(.ARM.exidx) refers to rtexit.o(.ARM.Collect$$rtexit$$00000000) for .ARM.Collect$$rtexit$$00000000
    libinit2.o(.ARM.Collect$$libinit$$0000000C) refers to libinit2.o(.ARM.Collect$$libinit$$0000000B) for .ARM.Collect$$libinit$$0000000B
    libinit2.o(.ARM.Collect$$libinit$$0000000E) refers to libinit2.o(.ARM.Collect$$libinit$$0000000B) for .ARM.Collect$$libinit$$0000000B
    libinit2.o(.ARM.Collect$$libinit$$00000010) refers to libinit2.o(.ARM.Collect$$libinit$$0000000B) for .ARM.Collect$$libinit$$0000000B
    libinit2.o(.ARM.Collect$$libinit$$00000012) refers to libinit2.o(.ARM.Collect$$libinit$$0000000B) for .ARM.Collect$$libinit$$0000000B
    libinit2.o(.ARM.Collect$$libinit$$00000014) refers to libinit2.o(.ARM.Collect$$libinit$$0000000B) for .ARM.Collect$$libinit$$0000000B
    libinit2.o(.ARM.Collect$$libinit$$00000022) refers to argv_veneer.o(.emb_text) for __ARM_argv_veneer
    libinit2.o(.ARM.Collect$$libinit$$00000023) refers to argv_veneer.o(.emb_text) for __ARM_argv_veneer
    fpinit.o(x$fpl$fpinit) refers to rt_fp_status_addr_intlibspace.o(.text) for __rt_fp_status_addr
    rtexit2.o(.ARM.Collect$$rtexit$$00000003) refers to libshutdown.o(.ARM.Collect$$libshutdown$$00000000) for __rt_lib_shutdown
    rtexit2.o(.ARM.Collect$$rtexit$$00000004) refers to sys_exit.o(.text) for _sys_exit
    rtexit2.o(.ARM.exidx) refers to rtexit2.o(.ARM.Collect$$rtexit$$00000001) for .ARM.Collect$$rtexit$$00000001
    rtexit2.o(.ARM.exidx) refers to rtexit2.o(.ARM.Collect$$rtexit$$00000002) for .ARM.Collect$$rtexit$$00000002
    rtexit2.o(.ARM.exidx) refers to rtexit2.o(.ARM.Collect$$rtexit$$00000003) for .ARM.Collect$$rtexit$$00000003
    rtexit2.o(.ARM.exidx) refers to rtexit2.o(.ARM.Collect$$rtexit$$00000004) for .ARM.Collect$$rtexit$$00000004
    rt_fp_status_addr.o(.text) refers to rt_fp_status_addr.o(.bss) for __rt_fp_status_addr_data
    rt_fp_status_addr_intlibspace.o(.text) refers to libspace.o(.bss) for __libspace_start
    argv_veneer.o(.emb_text) refers to no_argv.o(.text) for __ARM_get_argv
    sys_exit.o(.text) refers (Special) to use_no_semi.o(.text) for __I$use$semihosting
    _get_argv_nomalloc.o(.text) refers (Special) to hrguard.o(.text) for __heap_region$guard
    _get_argv_nomalloc.o(.text) refers to defsig_rtmem_outer.o(.text) for __rt_SIGRTMEM
    _get_argv_nomalloc.o(.text) refers to sys_command.o(.text) for _sys_command_string
    libshutdown.o(.ARM.Collect$$libshutdown$$00000000) refers (Special) to libshutdown2.o(.ARM.Collect$$libshutdown$$00000006) for __rt_lib_shutdown_fp_trap_1
    libshutdown.o(.ARM.Collect$$libshutdown$$00000000) refers (Special) to libshutdown2.o(.ARM.Collect$$libshutdown$$0000000E) for __rt_lib_shutdown_heap_1
    libshutdown.o(.ARM.Collect$$libshutdown$$00000000) refers (Special) to libshutdown2.o(.ARM.Collect$$libshutdown$$0000000F) for __rt_lib_shutdown_return
    libshutdown.o(.ARM.Collect$$libshutdown$$00000000) refers (Special) to libshutdown2.o(.ARM.Collect$$libshutdown$$00000009) for __rt_lib_shutdown_signal_1
    libshutdown.o(.ARM.Collect$$libshutdown$$00000000) refers (Special) to libshutdown2.o(.ARM.Collect$$libshutdown$$00000003) for __rt_lib_shutdown_stdio_1
    libshutdown.o(.ARM.Collect$$libshutdown$$00000000) refers (Special) to libshutdown2.o(.ARM.Collect$$libshutdown$$0000000B) for __rt_lib_shutdown_user_alloc_1
    sys_command.o(.text) refers (Special) to use_no_semi.o(.text) for __I$use$semihosting
    defsig_rtmem_outer.o(.text) refers to defsig_rtmem_inner.o(.text) for __rt_SIGRTMEM_inner
    defsig_rtmem_outer.o(.text) refers to defsig_exit.o(.text) for __sig_exit
    defsig_rtmem_formal.o(.text) refers to rt_raise.o(.text) for __rt_raise
    rt_raise.o(.text) refers to __raise.o(.text) for __raise
    rt_raise.o(.text) refers to sys_exit.o(.text) for _sys_exit
    defsig_exit.o(.text) refers to sys_exit.o(.text) for _sys_exit
    defsig_rtmem_inner.o(.text) refers to defsig_general.o(.text) for __default_signal_display
    __raise.o(.text) refers to defsig.o(CL$$defsig) for __default_signal_handler
    defsig_general.o(.text) refers to sys_wrch.o(.text) for _ttywrch
    sys_wrch.o(.text) refers (Special) to use_no_semi.o(.text) for __I$use$semihosting
    defsig.o(CL$$defsig) refers to defsig_rtmem_inner.o(.text) for __rt_SIGRTMEM_inner
    defsig_abrt_inner.o(.text) refers to defsig_general.o(.text) for __default_signal_display
    defsig_fpe_inner.o(.text) refers to defsig_general.o(.text) for __default_signal_display
    defsig_rtred_inner.o(.text) refers to defsig_general.o(.text) for __default_signal_display
    defsig_stak_inner.o(.text) refers to defsig_general.o(.text) for __default_signal_display
    defsig_pvfn_inner.o(.text) refers to defsig_general.o(.text) for __default_signal_display
    defsig_cppl_inner.o(.text) refers to defsig_general.o(.text) for __default_signal_display
    defsig_segv_inner.o(.text) refers to defsig_general.o(.text) for __default_signal_display
    defsig_other.o(.text) refers to defsig_general.o(.text) for __default_signal_display


==============================================================================

Removing Unused input sections from the image.

    Removing pixelc_hw_flaglight.o(.text), (100 bytes).
    Removing pixelc_hw_port.o(.text), (1596 bytes).
    Removing pixelc_hw_sdcard.o(.text), (1612 bytes).
    Removing pixelc_hw_sdcard.o(.data), (1 bytes).
    Removing pixelc_hw_24c02.o(.text), (476 bytes).
    Removing pixelc_hw_24c02.o(.data), (16 bytes).
    Removing malloc.o(.text), (412 bytes).
    Removing malloc.o(.bss), (10880 bytes).
    Removing malloc.o(.constdata), (12 bytes).
    Removing malloc.o(.data), (20 bytes).
    Removing i2c.o(.text), (382 bytes).
    Removing spi.o(.text), (188 bytes).
    Removing spi.o(.data), (1 bytes).
    Removing usart.o(.text), (1048 bytes).
    Removing diskio.o(.text), (248 bytes).
    Removing ff.o(.text), (10266 bytes).
    Removing ff.o(.constdata), (44 bytes).
    Removing ff.o(.data), (6 bytes).
    Removing cortexm3_macro.o(.text), (122 bytes).

19 unused section(s) (total 27430 bytes) removed from the image.

==============================================================================

Image Symbol Table

    Local Symbols

    Symbol Name                              Value     Ov Type        Size  Object(Section)

    ../../angel/boardlib.s                   0x00000000   Number         0  boardshut.o ABSOLUTE
    ../../angel/boardlib.s                   0x00000000   Number         0  boardinit3.o ABSOLUTE
    ../../angel/boardlib.s                   0x00000000   Number         0  boardinit1.o ABSOLUTE
    ../../angel/boardlib.s                   0x00000000   Number         0  boardinit2.o ABSOLUTE
    ../../angel/dczerorl2.s                  0x00000000   Number         0  __dczerorl2.o ABSOLUTE
    ../../angel/handlers.s                   0x00000000   Number         0  __scatter_zi.o ABSOLUTE
    ../../angel/kernel.s                     0x00000000   Number         0  rtexit.o ABSOLUTE
    ../../angel/kernel.s                     0x00000000   Number         0  rtentry.o ABSOLUTE
    ../../angel/kernel.s                     0x00000000   Number         0  rtentry2.o ABSOLUTE
    ../../angel/kernel.s                     0x00000000   Number         0  rtentry4.o ABSOLUTE
    ../../angel/kernel.s                     0x00000000   Number         0  rtexit2.o ABSOLUTE
    ../../angel/rt.s                         0x00000000   Number         0  rt_fp_status_addr_intlibspace.o ABSOLUTE
    ../../angel/rt.s                         0x00000000   Number         0  rt_fp_status_addr.o ABSOLUTE
    ../../angel/rt.s                         0x00000000   Number         0  rt_raise.o ABSOLUTE
    ../../angel/scatter.s                    0x00000000   Number         0  __scatter.o ABSOLUTE
    ../../angel/startup.s                    0x00000000   Number         0  __main.o ABSOLUTE
    ../../angel/sys.s                        0x00000000   Number         0  sys_stackheap_outer.o ABSOLUTE
    ../../angel/sys.s                        0x00000000   Number         0  libspace.o ABSOLUTE
    ../../angel/sys.s                        0x00000000   Number         0  use_no_semi.o ABSOLUTE
    ../../angel/sysapp.c                     0x00000000   Number         0  sys_exit.o ABSOLUTE
    ../../angel/sysapp.c                     0x00000000   Number         0  sys_command.o ABSOLUTE
    ../../angel/sysapp.c                     0x00000000   Number         0  sys_wrch.o ABSOLUTE
    ../../armsys.c                           0x00000000   Number         0  argv_veneer.o ABSOLUTE
    ../../armsys.c                           0x00000000   Number         0  argv_veneer.o ABSOLUTE
    ../../armsys.c                           0x00000000   Number         0  _get_argv_nomalloc.o ABSOLUTE
    ../../armsys.c                           0x00000000   Number         0  no_argv.o ABSOLUTE
    ../../d2f.s                              0x00000000   Number         0  d2f.o ABSOLUTE
    ../../daddsub.s                          0x00000000   Number         0  daddsub_clz.o ABSOLUTE
    ../../dcmpi.s                            0x00000000   Number         0  dcmpi.o ABSOLUTE
    ../../ddiv.s                             0x00000000   Number         0  ddiv.o ABSOLUTE
    ../../dfix.s                             0x00000000   Number         0  dfix.o ABSOLUTE
    ../../dfixu.s                            0x00000000   Number         0  dfixu.o ABSOLUTE
    ../../dflt.s                             0x00000000   Number         0  dflt_clz.o ABSOLUTE
    ../../dleqf.s                            0x00000000   Number         0  dleqf.o ABSOLUTE
    ../../dmul.s                             0x00000000   Number         0  dmul.o ABSOLUTE
    ../../dnaninf.s                          0x00000000   Number         0  dnaninf.o ABSOLUTE
    ../../dretinf.s                          0x00000000   Number         0  dretinf.o ABSOLUTE
    ../../drleqf.s                           0x00000000   Number         0  drleqf.o ABSOLUTE
    ../../f2d.s                              0x00000000   Number         0  f2d.o ABSOLUTE
    ../../faddsub.s                          0x00000000   Number         0  faddsub_clz.o ABSOLUTE
    ../../fdiv.s                             0x00000000   Number         0  fdiv.o ABSOLUTE
    ../../ffixu.s                            0x00000000   Number         0  ffixu.o ABSOLUTE
    ../../fflt.s                             0x00000000   Number         0  fflt_clz.o ABSOLUTE
    ../../fmul.s                             0x00000000   Number         0  fmul.o ABSOLUTE
    ../../fnaninf.s                          0x00000000   Number         0  fnaninf.o ABSOLUTE
    ../../fpinit.s                           0x00000000   Number         0  fpinit.o ABSOLUTE
    ../../fretinf.s                          0x00000000   Number         0  fretinf.o ABSOLUTE
    ../../heapalloc.c                        0x00000000   Number         0  hrguard.o ABSOLUTE
    ../../heapaux.c                          0x00000000   Number         0  heapauxi.o ABSOLUTE
    ../../libinit.s                          0x00000000   Number         0  libinit2.o ABSOLUTE
    ../../libinit.s                          0x00000000   Number         0  libshutdown2.o ABSOLUTE
    ../../libinit.s                          0x00000000   Number         0  libshutdown.o ABSOLUTE
    ../../libinit.s                          0x00000000   Number         0  libinit.o ABSOLUTE
    ../../memcpset.s                         0x00000000   Number         0  strncpy.o ABSOLUTE
    ../../memcpset.s                         0x00000000   Number         0  rt_memclr.o ABSOLUTE
    ../../memcpset.s                         0x00000000   Number         0  rt_memclr_w.o ABSOLUTE
    ../../signal.c                           0x00000000   Number         0  defsig_other.o ABSOLUTE
    ../../signal.c                           0x00000000   Number         0  defsig_rtmem_formal.o ABSOLUTE
    ../../signal.c                           0x00000000   Number         0  defsig_rtmem_outer.o ABSOLUTE
    ../../signal.c                           0x00000000   Number         0  defsig_exit.o ABSOLUTE
    ../../signal.c                           0x00000000   Number         0  defsig_rtmem_inner.o ABSOLUTE
    ../../signal.c                           0x00000000   Number         0  __raise.o ABSOLUTE
    ../../signal.c                           0x00000000   Number         0  defsig_general.o ABSOLUTE
    ../../signal.c                           0x00000000   Number         0  defsig_abrt_inner.o ABSOLUTE
    ../../signal.c                           0x00000000   Number         0  defsig_fpe_inner.o ABSOLUTE
    ../../signal.c                           0x00000000   Number         0  defsig_rtred_inner.o ABSOLUTE
    ../../signal.c                           0x00000000   Number         0  defsig_stak_inner.o ABSOLUTE
    ../../signal.c                           0x00000000   Number         0  defsig_pvfn_inner.o ABSOLUTE
    ../../signal.c                           0x00000000   Number         0  defsig_segv_inner.o ABSOLUTE
    ../../signal.c                           0x00000000   Number         0  defsig_cppl_inner.o ABSOLUTE
    ../../signal.s                           0x00000000   Number         0  defsig.o ABSOLUTE
    ../../stdlib.c                           0x00000000   Number         0  exit.o ABSOLUTE
    ../../string.c                           0x00000000   Number         0  strlen.o ABSOLUTE
    ../../string.c                           0x00000000   Number         0  strcpy.o ABSOLUTE
    ../../usenofp.s                          0x00000000   Number         0  usenofp.o ABSOLUTE
    SOLGUI\Font\Font4x6_ASCII.c              0x00000000   Number         0  font4x6_ascii.o ABSOLUTE
    SOLGUI\Font\Font6x8_ASCII.c              0x00000000   Number         0  font6x8_ascii.o ABSOLUTE
    SOLGUI\Font\Font8x10_ASCII.c             0x00000000   Number         0  font8x10_ascii.o ABSOLUTE
    SOLGUI\Font\Font8x8_ASCII.c              0x00000000   Number         0  font8x8_ascii.o ABSOLUTE
    SOLGUI\SOLGUI_Common.c                   0x00000000   Number         0  solgui_common.o ABSOLUTE
    SOLGUI\SOLGUI_GBasic.c                   0x00000000   Number         0  solgui_gbasic.o ABSOLUTE
    SOLGUI\SOLGUI_Hardware.c                 0x00000000   Number         0  solgui_hardware.o ABSOLUTE
    SOLGUI\SOLGUI_Menu.c                     0x00000000   Number         0  solgui_menu.o ABSOLUTE
    SOLGUI\SOLGUI_Picture.c                  0x00000000   Number         0  solgui_picture.o ABSOLUTE
    SOLGUI\SOLGUI_Printf.c                   0x00000000   Number         0  solgui_printf.o ABSOLUTE
    SOLGUI\SOLGUI_Widget.c                   0x00000000   Number         0  solgui_widget.o ABSOLUTE
    SYSTEM\I2C.c                             0x00000000   Number         0  i2c.o ABSOLUTE
    SYSTEM\SPI.c                             0x00000000   Number         0  spi.o ABSOLUTE
    SYSTEM\Usart.c                           0x00000000   Number         0  usart.o ABSOLUTE
    SYSTEM\\system.c                         0x00000000   Number         0  system.o ABSOLUTE
    SYSTEM\delay.c                           0x00000000   Number         0  delay.o ABSOLUTE
    SYSTEM\malloc.c                          0x00000000   Number         0  malloc.o ABSOLUTE
    SYSTEM\system.c                          0x00000000   Number         0  system.o ABSOLUTE
    dc.s                                     0x00000000   Number         0  dc.o ABSOLUTE
    pixelC_hardware\pixelC_HW_24C02.c        0x00000000   Number         0  pixelc_hw_24c02.o ABSOLUTE
    pixelC_hardware\pixelC_HW_Key.c          0x00000000   Number         0  pixelc_hw_key.o ABSOLUTE
    pixelC_hardware\pixelC_HW_OLED.c         0x00000000   Number         0  pixelc_hw_oled.o ABSOLUTE
    pixelC_hardware\pixelC_HW_Port.c         0x00000000   Number         0  pixelc_hw_port.o ABSOLUTE
    pixelC_hardware\pixelC_HW_SDcard.c       0x00000000   Number         0  pixelc_hw_sdcard.o ABSOLUTE
    pixelC_hardware\pixelC_HW_SDcard_FATFS0.09a\diskio.c 0x00000000   Number         0  diskio.o ABSOLUTE
    pixelC_hardware\pixelC_HW_SDcard_FATFS0.09a\ff.c 0x00000000   Number         0  ff.o ABSOLUTE
    pixelC_hardware\pixelC_HW_flagLight.c    0x00000000   Number         0  pixelc_hw_flaglight.o ABSOLUTE
    start\cortexm3_macro.s                   0x00000000   Number         0  cortexm3_macro.o ABSOLUTE
    start\stm32f10x_vector.s                 0x00000000   Number         0  stm32f10x_vector.o ABSOLUTE
    user\main.c                              0x00000000   Number         0  main.o ABSOLUTE
    user\menu.c                              0x00000000   Number         0  menu.o ABSOLUTE
    user\stm32f10x_it.c                      0x00000000   Number         0  stm32f10x_it.o ABSOLUTE
    RESET                                    0x08000000   Section      304  stm32f10x_vector.o(RESET)
    !!!main                                  0x08000130   Section        8  __main.o(!!!main)
    !!!scatter                               0x08000138   Section       52  __scatter.o(!!!scatter)
    !!dczerorl2                              0x0800016c   Section       90  __dczerorl2.o(!!dczerorl2)
    !!handler_zi                             0x080001c8   Section       28  __scatter_zi.o(!!handler_zi)
    .ARM.Collect$$libinit$$00000000          0x080001e4   Section        6  libinit.o(.ARM.Collect$$libinit$$00000000)
    .ARM.Collect$$libinit$$00000006          0x080001ea   Section        0  libinit2.o(.ARM.Collect$$libinit$$00000006)
    .ARM.Collect$$libinit$$00000008          0x080001ea   Section        0  libinit2.o(.ARM.Collect$$libinit$$00000008)
    .ARM.Collect$$libinit$$0000000A          0x080001ea   Section        0  libinit2.o(.ARM.Collect$$libinit$$0000000A)
    .ARM.Collect$$libinit$$0000000D          0x080001ea   Section        0  libinit2.o(.ARM.Collect$$libinit$$0000000D)
    .ARM.Collect$$libinit$$0000000F          0x080001ea   Section        0  libinit2.o(.ARM.Collect$$libinit$$0000000F)
    .ARM.Collect$$libinit$$00000011          0x080001ea   Section        0  libinit2.o(.ARM.Collect$$libinit$$00000011)
    .ARM.Collect$$libinit$$00000013          0x080001ea   Section        0  libinit2.o(.ARM.Collect$$libinit$$00000013)
    .ARM.Collect$$libinit$$00000015          0x080001ea   Section        0  libinit2.o(.ARM.Collect$$libinit$$00000015)
    .ARM.Collect$$libinit$$00000017          0x080001ea   Section        0  libinit2.o(.ARM.Collect$$libinit$$00000017)
    .ARM.Collect$$libinit$$00000019          0x080001ea   Section        0  libinit2.o(.ARM.Collect$$libinit$$00000019)
    .ARM.Collect$$libinit$$0000001B          0x080001ea   Section        0  libinit2.o(.ARM.Collect$$libinit$$0000001B)
    .ARM.Collect$$libinit$$0000001D          0x080001ea   Section        0  libinit2.o(.ARM.Collect$$libinit$$0000001D)
    .ARM.Collect$$libinit$$0000001F          0x080001ea   Section        0  libinit2.o(.ARM.Collect$$libinit$$0000001F)
    .ARM.Collect$$libinit$$00000021          0x080001ea   Section        0  libinit2.o(.ARM.Collect$$libinit$$00000021)
    .ARM.Collect$$libinit$$00000028          0x080001ea   Section        0  libinit2.o(.ARM.Collect$$libinit$$00000028)
    .ARM.Collect$$libinit$$0000002A          0x080001ea   Section        0  libinit2.o(.ARM.Collect$$libinit$$0000002A)
    .ARM.Collect$$libinit$$0000002C          0x080001ea   Section        0  libinit2.o(.ARM.Collect$$libinit$$0000002C)
    .ARM.Collect$$libinit$$0000002E          0x080001ea   Section        0  libinit2.o(.ARM.Collect$$libinit$$0000002E)
    .ARM.Collect$$libinit$$0000002F          0x080001ea   Section        2  libinit2.o(.ARM.Collect$$libinit$$0000002F)
    .ARM.Collect$$libshutdown$$00000000      0x080001ec   Section        2  libshutdown.o(.ARM.Collect$$libshutdown$$00000000)
    .ARM.Collect$$libshutdown$$00000003      0x080001ee   Section        0  libshutdown2.o(.ARM.Collect$$libshutdown$$00000003)
    .ARM.Collect$$libshutdown$$00000006      0x080001ee   Section        0  libshutdown2.o(.ARM.Collect$$libshutdown$$00000006)
    .ARM.Collect$$libshutdown$$00000009      0x080001ee   Section        0  libshutdown2.o(.ARM.Collect$$libshutdown$$00000009)
    .ARM.Collect$$libshutdown$$0000000B      0x080001ee   Section        0  libshutdown2.o(.ARM.Collect$$libshutdown$$0000000B)
    .ARM.Collect$$libshutdown$$0000000E      0x080001ee   Section        0  libshutdown2.o(.ARM.Collect$$libshutdown$$0000000E)
    .ARM.Collect$$libshutdown$$0000000F      0x080001ee   Section        2  libshutdown2.o(.ARM.Collect$$libshutdown$$0000000F)
    .ARM.Collect$$rtentry$$00000000          0x080001f0   Section        0  rtentry.o(.ARM.Collect$$rtentry$$00000000)
    .ARM.Collect$$rtentry$$00000002          0x080001f0   Section        0  rtentry2.o(.ARM.Collect$$rtentry$$00000002)
    .ARM.Collect$$rtentry$$00000004          0x080001f0   Section        6  rtentry4.o(.ARM.Collect$$rtentry$$00000004)
    .ARM.Collect$$rtentry$$00000009          0x080001f6   Section        0  rtentry2.o(.ARM.Collect$$rtentry$$00000009)
    .ARM.Collect$$rtentry$$0000000A          0x080001f6   Section        4  rtentry2.o(.ARM.Collect$$rtentry$$0000000A)
    .ARM.Collect$$rtentry$$0000000C          0x080001fa   Section        0  rtentry2.o(.ARM.Collect$$rtentry$$0000000C)
    .ARM.Collect$$rtentry$$0000000D          0x080001fa   Section        8  rtentry2.o(.ARM.Collect$$rtentry$$0000000D)
    .ARM.Collect$$rtexit$$00000000           0x08000202   Section        2  rtexit.o(.ARM.Collect$$rtexit$$00000000)
    .ARM.Collect$$rtexit$$00000002           0x08000204   Section        0  rtexit2.o(.ARM.Collect$$rtexit$$00000002)
    .ARM.Collect$$rtexit$$00000003           0x08000204   Section        4  rtexit2.o(.ARM.Collect$$rtexit$$00000003)
    .ARM.Collect$$rtexit$$00000004           0x08000208   Section        6  rtexit2.o(.ARM.Collect$$rtexit$$00000004)
    .emb_text                                0x08000210   Section        2  system.o(.emb_text)
    .text                                    0x08000214   Section        0  main.o(.text)
    .text                                    0x08000248   Section        0  menu.o(.text)
    .text                                    0x08000264   Section        0  stm32f10x_it.o(.text)
    .text                                    0x080002f8   Section        0  pixelc_hw_key.o(.text)
    Is_Key_R_Down                            0x080002f9   Thumb Code     8  pixelc_hw_key.o(.text)
    Is_Key_D_Down                            0x08000301   Thumb Code     8  pixelc_hw_key.o(.text)
    Is_Key_L_Down                            0x08000309   Thumb Code     8  pixelc_hw_key.o(.text)
    Is_Key_OK_Down                           0x08000311   Thumb Code     8  pixelc_hw_key.o(.text)
    Is_Key_U_Down                            0x08000319   Thumb Code     8  pixelc_hw_key.o(.text)
    Is_Key_BK_Down                           0x08000321   Thumb Code     8  pixelc_hw_key.o(.text)
    Is_Key_A_Down                            0x08000329   Thumb Code     8  pixelc_hw_key.o(.text)
    Is_Key_B_Down                            0x08000331   Thumb Code     8  pixelc_hw_key.o(.text)
    Is_Key_1_Down                            0x08000339   Thumb Code     8  pixelc_hw_key.o(.text)
    Is_Key_2_Down                            0x08000341   Thumb Code     8  pixelc_hw_key.o(.text)
    pixelC_HW_Key_PinInit                    0x08000349   Thumb Code   322  pixelc_hw_key.o(.text)
    KeyRead                                  0x08000493   Thumb Code    26  pixelc_hw_key.o(.text)
    .text                                    0x080005ac   Section        0  pixelc_hw_oled.o(.text)
    .text                                    0x08000890   Section        0  solgui_hardware.o(.text)
    .text                                    0x080008ac   Section        0  solgui_common.o(.text)
    .text                                    0x0800093c   Section        0  solgui_printf.o(.text)
    .text                                    0x08000f34   Section        0  solgui_gbasic.o(.text)
    .text                                    0x080012c6   Section        0  solgui_picture.o(.text)
    .text                                    0x08001354   Section        0  solgui_menu.o(.text)
    .text                                    0x080014a8   Section        0  solgui_widget.o(.text)
    .text                                    0x08002978   Section        0  system.o(.text)
    .text                                    0x08002c4c   Section        0  delay.o(.text)
    .text                                    0x08002cec   Section       36  stm32f10x_vector.o(.text)
    .text                                    0x08002d10   Section        0  strcpy.o(.text)
    .text                                    0x08002d58   Section        0  strlen.o(.text)
    .text                                    0x08002d96   Section       68  rt_memclr.o(.text)
    .text                                    0x08002dda   Section       78  rt_memclr_w.o(.text)
    .text                                    0x08002e28   Section       86  strncpy.o(.text)
    .text                                    0x08002e7e   Section        0  heapauxi.o(.text)
    .text                                    0x08002e84   Section       74  sys_stackheap_outer.o(.text)
    .text                                    0x08002ece   Section        0  exit.o(.text)
    .text                                    0x08002edc   Section        8  libspace.o(.text)
    .text                                    0x08002ee4   Section       12  rt_fp_status_addr_intlibspace.o(.text)
    .text                                    0x08002ef0   Section        0  sys_exit.o(.text)
    .text                                    0x08002efc   Section        2  use_no_semi.o(.text)
    x$fpl$d2f                                0x08002f00   Section       98  d2f.o(x$fpl$d2f)
    x$fpl$dadd                               0x08002f64   Section      332  daddsub_clz.o(x$fpl$dadd)
    _dadd1                                   0x08002f75   Thumb Code     0  daddsub_clz.o(x$fpl$dadd)
    x$fpl$dcmpinf                            0x080030b0   Section       24  dcmpi.o(x$fpl$dcmpinf)
    x$fpl$ddiv                               0x080030c8   Section      688  ddiv.o(x$fpl$ddiv)
    ddiv_entry                               0x080030cf   Thumb Code     0  ddiv.o(x$fpl$ddiv)
    x$fpl$dfix                               0x08003378   Section       94  dfix.o(x$fpl$dfix)
    x$fpl$dfixu                              0x080033d8   Section       90  dfixu.o(x$fpl$dfixu)
    x$fpl$dflt                               0x08003432   Section       46  dflt_clz.o(x$fpl$dflt)
    x$fpl$dfltu                              0x08003460   Section       38  dflt_clz.o(x$fpl$dfltu)
    x$fpl$dleqf                              0x08003488   Section      120  dleqf.o(x$fpl$dleqf)
    x$fpl$dmul                               0x08003500   Section      340  dmul.o(x$fpl$dmul)
    x$fpl$dnaninf                            0x08003654   Section      156  dnaninf.o(x$fpl$dnaninf)
    x$fpl$dretinf                            0x080036f0   Section       12  dretinf.o(x$fpl$dretinf)
    x$fpl$drleqf                             0x080036fc   Section      108  drleqf.o(x$fpl$drleqf)
    x$fpl$drsb                               0x08003768   Section       22  daddsub_clz.o(x$fpl$drsb)
    x$fpl$dsub                               0x08003780   Section      468  daddsub_clz.o(x$fpl$dsub)
    _dsub1                                   0x08003791   Thumb Code     0  daddsub_clz.o(x$fpl$dsub)
    x$fpl$f2d                                0x08003954   Section       86  f2d.o(x$fpl$f2d)
    x$fpl$fadd                               0x080039ac   Section      196  faddsub_clz.o(x$fpl$fadd)
    _fadd1                                   0x080039bb   Thumb Code     0  faddsub_clz.o(x$fpl$fadd)
    x$fpl$fdiv                               0x08003a70   Section      388  fdiv.o(x$fpl$fdiv)
    _fdiv1                                   0x08003a71   Thumb Code     0  fdiv.o(x$fpl$fdiv)
    x$fpl$ffixu                              0x08003bf4   Section       62  ffixu.o(x$fpl$ffixu)
    x$fpl$ffltu                              0x08003c34   Section       38  fflt_clz.o(x$fpl$ffltu)
    x$fpl$fmul                               0x08003c5c   Section      258  fmul.o(x$fpl$fmul)
    x$fpl$fnaninf                            0x08003d5e   Section      140  fnaninf.o(x$fpl$fnaninf)
    x$fpl$fpinit                             0x08003dea   Section       14  fpinit.o(x$fpl$fpinit)
    x$fpl$fretinf                            0x08003df8   Section       10  fretinf.o(x$fpl$fretinf)
    x$fpl$frsb                               0x08003e02   Section       20  faddsub_clz.o(x$fpl$frsb)
    x$fpl$fsub                               0x08003e18   Section      234  faddsub_clz.o(x$fpl$fsub)
    _fsub1                                   0x08003e27   Thumb Code     0  faddsub_clz.o(x$fpl$fsub)
    .constdata                               0x08003f02   Section      848  font6x8_ascii.o(.constdata)
    x$fpl$usenofp                            0x08003f02   Section        0  usenofp.o(x$fpl$usenofp)
    .constdata                               0x08004252   Section      101  solgui_widget.o(.constdata)
    .conststring                             0x080042b7   Section        6  menu.o(.conststring)
    .conststring                             0x080042bd   Section       31  solgui_widget.o(.conststring)
    .data                                    0x20000000   Section       12  menu.o(.data)
    .data                                    0x2000000c   Section      153  pixelc_hw_key.o(.data)
    key_value                                0x200000a4   Data           1  pixelc_hw_key.o(.data)
    .data                                    0x200000a8   Section        8  solgui_printf.o(.data)
    .data                                    0x200000b0   Section       15  solgui_menu.o(.data)
    .data                                    0x200000c0   Section      118  solgui_widget.o(.data)
    spin_pos                                 0x20000130   Data           1  solgui_widget.o(.data)
    edit_cursor_row                          0x20000132   Data           2  solgui_widget.o(.data)
    edit_cursor_col                          0x20000134   Data           2  solgui_widget.o(.data)
    .data                                    0x20000136   Section        4  delay.o(.data)
    fac_us                                   0x20000136   Data           1  delay.o(.data)
    fac_ms                                   0x20000138   Data           2  delay.o(.data)
    .bss                                     0x2000013c   Section     1024  solgui_common.o(.bss)
    .bss                                     0x2000053c   Section       69  solgui_widget.o(.bss)
    edit_buf                                 0x20000548   Data          41  solgui_widget.o(.bss)
    .bss                                     0x20000584   Section       96  libspace.o(.bss)
    HEAP                                     0x200005e8   Section     1024  stm32f10x_vector.o(HEAP)
    Heap_Mem                                 0x200005e8   Data        1024  stm32f10x_vector.o(HEAP)
    STACK                                    0x200009e8   Section     1024  stm32f10x_vector.o(STACK)
    Stack_Mem                                0x200009e8   Data        1024  stm32f10x_vector.o(STACK)
    __initial_sp                             0x20000de8   Data           0  stm32f10x_vector.o(STACK)

    Global Symbols

    Symbol Name                              Value     Ov Type        Size  Object(Section)

    BuildAttributes$$THM_ISAv4$P$D$K$B$S$PE$A:L22UL41UL21$X:L11$S22US41US21$IEEE1$IW$USESV6$~STKCKD$USESV7$~SHL$OSPACE$ROPI$EBA8$UX$STANDARDLIB$REQ8$PRES8$EABIv2 0x00000000   Number         0  anon$$obj.o ABSOLUTE
    __ARM_use_no_argv                        0x00000000   Number         0  main.o ABSOLUTE
    __ARM_exceptions_init                     - Undefined Weak Reference
    __alloca_initialize                       - Undefined Weak Reference
    __cpp_initialize__aeabi_                  - Undefined Weak Reference
    __cxa_finalize                            - Undefined Weak Reference
    __rt_locale                               - Undefined Weak Reference
    __sigvec_lookup                           - Undefined Weak Reference
    _atexit_init                              - Undefined Weak Reference
    _call_atexit_fns                          - Undefined Weak Reference
    _clock_init                               - Undefined Weak Reference
    _fp_trap_init                             - Undefined Weak Reference
    _fp_trap_shutdown                         - Undefined Weak Reference
    _get_lc_collate                           - Undefined Weak Reference
    _get_lc_ctype                             - Undefined Weak Reference
    _get_lc_monetary                          - Undefined Weak Reference
    _get_lc_numeric                           - Undefined Weak Reference
    _get_lc_time                              - Undefined Weak Reference
    _getenv_init                              - Undefined Weak Reference
    _handle_redirection                       - Undefined Weak Reference
    _init_alloc                               - Undefined Weak Reference
    _init_user_alloc                          - Undefined Weak Reference
    _initio                                   - Undefined Weak Reference
    _rand_init                                - Undefined Weak Reference
    _signal_finish                            - Undefined Weak Reference
    _signal_init                              - Undefined Weak Reference
    _terminate_alloc                          - Undefined Weak Reference
    _terminate_user_alloc                     - Undefined Weak Reference
    _terminateio                              - Undefined Weak Reference
    __Vectors                                0x08000000   Data           4  stm32f10x_vector.o(RESET)
    __main                                   0x08000131   Thumb Code     8  __main.o(!!!main)
    __scatterload                            0x08000139   Thumb Code     0  __scatter.o(!!!scatter)
    __scatterload_rt2                        0x08000139   Thumb Code    44  __scatter.o(!!!scatter)
    __scatterload_rt2_thumb_only             0x08000139   Thumb Code     0  __scatter.o(!!!scatter)
    __scatterload_null                       0x08000147   Thumb Code     0  __scatter.o(!!!scatter)
    __decompress                             0x0800016d   Thumb Code    90  __dczerorl2.o(!!dczerorl2)
    __decompress1                            0x0800016d   Thumb Code     0  __dczerorl2.o(!!dczerorl2)
    __scatterload_zeroinit                   0x080001c9   Thumb Code    28  __scatter_zi.o(!!handler_zi)
    __rt_lib_init                            0x080001e5   Thumb Code     0  libinit.o(.ARM.Collect$$libinit$$00000000)
    __rt_lib_init_alloca_1                   0x080001eb   Thumb Code     0  libinit2.o(.ARM.Collect$$libinit$$0000002A)
    __rt_lib_init_argv_1                     0x080001eb   Thumb Code     0  libinit2.o(.ARM.Collect$$libinit$$00000028)
    __rt_lib_init_atexit_1                   0x080001eb   Thumb Code     0  libinit2.o(.ARM.Collect$$libinit$$00000017)
    __rt_lib_init_clock_1                    0x080001eb   Thumb Code     0  libinit2.o(.ARM.Collect$$libinit$$0000001D)
    __rt_lib_init_cpp_1                      0x080001eb   Thumb Code     0  libinit2.o(.ARM.Collect$$libinit$$0000002E)
    __rt_lib_init_exceptions_1               0x080001eb   Thumb Code     0  libinit2.o(.ARM.Collect$$libinit$$0000002C)
    __rt_lib_init_fp_trap_1                  0x080001eb   Thumb Code     0  libinit2.o(.ARM.Collect$$libinit$$0000001B)
    __rt_lib_init_getenv_1                   0x080001eb   Thumb Code     0  libinit2.o(.ARM.Collect$$libinit$$0000001F)
    __rt_lib_init_heap_1                     0x080001eb   Thumb Code     0  libinit2.o(.ARM.Collect$$libinit$$00000006)
    __rt_lib_init_lc_collate_1               0x080001eb   Thumb Code     0  libinit2.o(.ARM.Collect$$libinit$$0000000D)
    __rt_lib_init_lc_ctype_1                 0x080001eb   Thumb Code     0  libinit2.o(.ARM.Collect$$libinit$$0000000F)
    __rt_lib_init_lc_monetary_1              0x080001eb   Thumb Code     0  libinit2.o(.ARM.Collect$$libinit$$00000011)
    __rt_lib_init_lc_numeric_1               0x080001eb   Thumb Code     0  libinit2.o(.ARM.Collect$$libinit$$00000013)
    __rt_lib_init_lc_time_1                  0x080001eb   Thumb Code     0  libinit2.o(.ARM.Collect$$libinit$$00000015)
    __rt_lib_init_rand_1                     0x080001eb   Thumb Code     0  libinit2.o(.ARM.Collect$$libinit$$0000000A)
    __rt_lib_init_return                     0x080001eb   Thumb Code     0  libinit2.o(.ARM.Collect$$libinit$$0000002F)
    __rt_lib_init_signal_1                   0x080001eb   Thumb Code     0  libinit2.o(.ARM.Collect$$libinit$$00000019)
    __rt_lib_init_stdio_1                    0x080001eb   Thumb Code     0  libinit2.o(.ARM.Collect$$libinit$$00000021)
    __rt_lib_init_user_alloc_1               0x080001eb   Thumb Code     0  libinit2.o(.ARM.Collect$$libinit$$00000008)
    __rt_lib_shutdown                        0x080001ed   Thumb Code     0  libshutdown.o(.ARM.Collect$$libshutdown$$00000000)
    __rt_lib_shutdown_fp_trap_1              0x080001ef   Thumb Code     0  libshutdown2.o(.ARM.Collect$$libshutdown$$00000006)
    __rt_lib_shutdown_heap_1                 0x080001ef   Thumb Code     0  libshutdown2.o(.ARM.Collect$$libshutdown$$0000000E)
    __rt_lib_shutdown_return                 0x080001ef   Thumb Code     0  libshutdown2.o(.ARM.Collect$$libshutdown$$0000000F)
    __rt_lib_shutdown_signal_1               0x080001ef   Thumb Code     0  libshutdown2.o(.ARM.Collect$$libshutdown$$00000009)
    __rt_lib_shutdown_stdio_1                0x080001ef   Thumb Code     0  libshutdown2.o(.ARM.Collect$$libshutdown$$00000003)
    __rt_lib_shutdown_user_alloc_1           0x080001ef   Thumb Code     0  libshutdown2.o(.ARM.Collect$$libshutdown$$0000000B)
    __rt_entry                               0x080001f1   Thumb Code     0  rtentry.o(.ARM.Collect$$rtentry$$00000000)
    __rt_entry_presh_1                       0x080001f1   Thumb Code     0  rtentry2.o(.ARM.Collect$$rtentry$$00000002)
    __rt_entry_sh                            0x080001f1   Thumb Code     0  rtentry4.o(.ARM.Collect$$rtentry$$00000004)
    __rt_entry_li                            0x080001f7   Thumb Code     0  rtentry2.o(.ARM.Collect$$rtentry$$0000000A)
    __rt_entry_postsh_1                      0x080001f7   Thumb Code     0  rtentry2.o(.ARM.Collect$$rtentry$$00000009)
    __rt_entry_main                          0x080001fb   Thumb Code     0  rtentry2.o(.ARM.Collect$$rtentry$$0000000D)
    __rt_entry_postli_1                      0x080001fb   Thumb Code     0  rtentry2.o(.ARM.Collect$$rtentry$$0000000C)
    __rt_exit                                0x08000203   Thumb Code     0  rtexit.o(.ARM.Collect$$rtexit$$00000000)
    __rt_exit_ls                             0x08000205   Thumb Code     0  rtexit2.o(.ARM.Collect$$rtexit$$00000003)
    __rt_exit_prels_1                        0x08000205   Thumb Code     0  rtexit2.o(.ARM.Collect$$rtexit$$00000002)
    __rt_exit_exit                           0x08000209   Thumb Code     0  rtexit2.o(.ARM.Collect$$rtexit$$00000004)
    WFI_SET                                  0x08000211   Thumb Code     2  system.o(.emb_text)
    main                                     0x08000215   Thumb Code    46  main.o(.text)
    _index                                   0x08000249   Thumb Code    16  menu.o(.text)
    NMIException                             0x08000265   Thumb Code     2  stm32f10x_it.o(.text)
    HardFaultException                       0x08000267   Thumb Code     4  stm32f10x_it.o(.text)
    MemManageException                       0x0800026b   Thumb Code     4  stm32f10x_it.o(.text)
    BusFaultException                        0x0800026f   Thumb Code     4  stm32f10x_it.o(.text)
    UsageFaultException                      0x08000273   Thumb Code     4  stm32f10x_it.o(.text)
    DebugMonitor                             0x08000277   Thumb Code     2  stm32f10x_it.o(.text)
    SVCHandler                               0x08000279   Thumb Code     2  stm32f10x_it.o(.text)
    PendSVC                                  0x0800027b   Thumb Code     2  stm32f10x_it.o(.text)
    SysTickHandler                           0x0800027d   Thumb Code     2  stm32f10x_it.o(.text)
    WWDG_IRQHandler                          0x0800027f   Thumb Code     2  stm32f10x_it.o(.text)
    PVD_IRQHandler                           0x08000281   Thumb Code     2  stm32f10x_it.o(.text)
    TAMPER_IRQHandler                        0x08000283   Thumb Code     2  stm32f10x_it.o(.text)
    RTC_IRQHandler                           0x08000285   Thumb Code     2  stm32f10x_it.o(.text)
    FLASH_IRQHandler                         0x08000287   Thumb Code     2  stm32f10x_it.o(.text)
    RCC_IRQHandler                           0x08000289   Thumb Code     2  stm32f10x_it.o(.text)
    EXTI0_IRQHandler                         0x0800028b   Thumb Code     2  stm32f10x_it.o(.text)
    EXTI1_IRQHandler                         0x0800028d   Thumb Code     2  stm32f10x_it.o(.text)
    EXTI2_IRQHandler                         0x0800028f   Thumb Code     2  stm32f10x_it.o(.text)
    EXTI3_IRQHandler                         0x08000291   Thumb Code     2  stm32f10x_it.o(.text)
    EXTI4_IRQHandler                         0x08000293   Thumb Code     2  stm32f10x_it.o(.text)
    DMA1_Channel1_IRQHandler                 0x08000295   Thumb Code     2  stm32f10x_it.o(.text)
    DMA1_Channel2_IRQHandler                 0x08000297   Thumb Code     2  stm32f10x_it.o(.text)
    DMA1_Channel3_IRQHandler                 0x08000299   Thumb Code     2  stm32f10x_it.o(.text)
    DMA1_Channel4_IRQHandler                 0x0800029b   Thumb Code     2  stm32f10x_it.o(.text)
    DMA1_Channel5_IRQHandler                 0x0800029d   Thumb Code     2  stm32f10x_it.o(.text)
    DMA1_Channel6_IRQHandler                 0x0800029f   Thumb Code     2  stm32f10x_it.o(.text)
    DMA1_Channel7_IRQHandler                 0x080002a1   Thumb Code     2  stm32f10x_it.o(.text)
    ADC1_2_IRQHandler                        0x080002a3   Thumb Code     2  stm32f10x_it.o(.text)
    USB_HP_CAN_TX_IRQHandler                 0x080002a5   Thumb Code     2  stm32f10x_it.o(.text)
    USB_LP_CAN_RX0_IRQHandler                0x080002a7   Thumb Code     2  stm32f10x_it.o(.text)
    CAN_RX1_IRQHandler                       0x080002a9   Thumb Code     2  stm32f10x_it.o(.text)
    CAN_SCE_IRQHandler                       0x080002ab   Thumb Code     2  stm32f10x_it.o(.text)
    EXTI9_5_IRQHandler                       0x080002ad   Thumb Code     2  stm32f10x_it.o(.text)
    TIM1_BRK_IRQHandler                      0x080002af   Thumb Code     2  stm32f10x_it.o(.text)
    TIM1_UP_IRQHandler                       0x080002b1   Thumb Code     2  stm32f10x_it.o(.text)
    TIM1_TRG_COM_IRQHandler                  0x080002b3   Thumb Code     2  stm32f10x_it.o(.text)
    TIM1_CC_IRQHandler                       0x080002b5   Thumb Code     2  stm32f10x_it.o(.text)
    TIM2_IRQHandler                          0x080002b7   Thumb Code     2  stm32f10x_it.o(.text)
    TIM3_IRQHandler                          0x080002b9   Thumb Code     2  stm32f10x_it.o(.text)
    TIM4_IRQHandler                          0x080002bb   Thumb Code     2  stm32f10x_it.o(.text)
    I2C1_EV_IRQHandler                       0x080002bd   Thumb Code     2  stm32f10x_it.o(.text)
    I2C1_ER_IRQHandler                       0x080002bf   Thumb Code     2  stm32f10x_it.o(.text)
    I2C2_EV_IRQHandler                       0x080002c1   Thumb Code     2  stm32f10x_it.o(.text)
    I2C2_ER_IRQHandler                       0x080002c3   Thumb Code     2  stm32f10x_it.o(.text)
    SPI1_IRQHandler                          0x080002c5   Thumb Code     2  stm32f10x_it.o(.text)
    SPI2_IRQHandler                          0x080002c7   Thumb Code     2  stm32f10x_it.o(.text)
    USART1_IRQHandler                        0x080002c9   Thumb Code     2  stm32f10x_it.o(.text)
    USART2_IRQHandler                        0x080002cb   Thumb Code     2  stm32f10x_it.o(.text)
    USART3_IRQHandler                        0x080002cd   Thumb Code     2  stm32f10x_it.o(.text)
    EXTI15_10_IRQHandler                     0x080002cf   Thumb Code     2  stm32f10x_it.o(.text)
    RTCAlarm_IRQHandler                      0x080002d1   Thumb Code     2  stm32f10x_it.o(.text)
    USBWakeUp_IRQHandler                     0x080002d3   Thumb Code     2  stm32f10x_it.o(.text)
    TIM8_BRK_IRQHandler                      0x080002d5   Thumb Code     2  stm32f10x_it.o(.text)
    TIM8_UP_IRQHandler                       0x080002d7   Thumb Code     2  stm32f10x_it.o(.text)
    TIM8_TRG_COM_IRQHandler                  0x080002d9   Thumb Code     2  stm32f10x_it.o(.text)
    TIM8_CC_IRQHandler                       0x080002db   Thumb Code     2  stm32f10x_it.o(.text)
    ADC3_IRQHandler                          0x080002dd   Thumb Code     2  stm32f10x_it.o(.text)
    FSMC_IRQHandler                          0x080002df   Thumb Code     2  stm32f10x_it.o(.text)
    SDIO_IRQHandler                          0x080002e1   Thumb Code     2  stm32f10x_it.o(.text)
    TIM5_IRQHandler                          0x080002e3   Thumb Code     2  stm32f10x_it.o(.text)
    SPI3_IRQHandler                          0x080002e5   Thumb Code     2  stm32f10x_it.o(.text)
    UART4_IRQHandler                         0x080002e7   Thumb Code     2  stm32f10x_it.o(.text)
    UART5_IRQHandler                         0x080002e9   Thumb Code     2  stm32f10x_it.o(.text)
    TIM6_IRQHandler                          0x080002eb   Thumb Code     2  stm32f10x_it.o(.text)
    TIM7_IRQHandler                          0x080002ed   Thumb Code     2  stm32f10x_it.o(.text)
    DMA2_Channel1_IRQHandler                 0x080002ef   Thumb Code     2  stm32f10x_it.o(.text)
    DMA2_Channel2_IRQHandler                 0x080002f1   Thumb Code     2  stm32f10x_it.o(.text)
    DMA2_Channel3_IRQHandler                 0x080002f3   Thumb Code     2  stm32f10x_it.o(.text)
    DMA2_Channel4_5_IRQHandler               0x080002f5   Thumb Code     2  stm32f10x_it.o(.text)
    pixelC_HW_Key_Init                       0x0800048b   Thumb Code     8  pixelc_hw_key.o(.text)
    pixelC_HW_Key_GetValue                   0x080004ad   Thumb Code   156  pixelc_hw_key.o(.text)
    pixelC_HW_Switch_GetValue                0x08000549   Thumb Code    30  pixelc_hw_key.o(.text)
    pixelC_HW_OLED_PinInit                   0x080005ad   Thumb Code   126  pixelc_hw_oled.o(.text)
    pixelC_HW_OLED_WrDat                     0x0800062b   Thumb Code    76  pixelc_hw_oled.o(.text)
    pixelC_HW_OLED_WrCmd                     0x08000677   Thumb Code    72  pixelc_hw_oled.o(.text)
    pixelC_HW_OLED_Set_Pos                   0x080006bf   Thumb Code    36  pixelc_hw_oled.o(.text)
    pixelC_HW_OLED_Fill                      0x080006e3   Thumb Code    58  pixelc_hw_oled.o(.text)
    pixelC_HW_OLED_CLS                       0x0800071d   Thumb Code    56  pixelc_hw_oled.o(.text)
    pixelC_HW_OLED_Init                      0x08000755   Thumb Code   222  pixelc_hw_oled.o(.text)
    pixelC_HW_OLED_FillScreen                0x08000833   Thumb Code    62  pixelc_hw_oled.o(.text)
    SOLGUI_Hardware_Init                     0x08000891   Thumb Code     8  solgui_hardware.o(.text)
    SOLGUI_Hardware_FillScreen               0x08000899   Thumb Code    12  solgui_hardware.o(.text)
    SOLGUI_Hardware_ClearScreen              0x080008a5   Thumb Code     8  solgui_hardware.o(.text)
    SOLGUI_Init                              0x080008ad   Thumb Code    26  solgui_common.o(.text)
    SOLGUI_Clean                             0x080008c7   Thumb Code    14  solgui_common.o(.text)
    SOLGUI_Refresh                           0x080008d5   Thumb Code    14  solgui_common.o(.text)
    SOLGUI_DrawPoint                         0x080008e3   Thumb Code    84  solgui_common.o(.text)
    SOLGUI_SwitchFont                        0x0800093d   Thumb Code    38  solgui_printf.o(.text)
    SOLGUI_PutChar                           0x08000963   Thumb Code   164  solgui_printf.o(.text)
    SOLGUI_PutString                         0x08000a07   Thumb Code    56  solgui_printf.o(.text)
    __SOLGUI_printf                          0x08000a3f   Thumb Code  1234  solgui_printf.o(.text)
    SOLGUI_printf                            0x08000f11   Thumb Code    36  solgui_printf.o(.text)
    _LineModes                               0x08000f35   Thumb Code   126  solgui_gbasic.o(.text)
    SOLGUI_GBasic_Line                       0x08000fb3   Thumb Code   238  solgui_gbasic.o(.text)
    SOLGUI_GBasic_MultiLine                  0x080010a1   Thumb Code    98  solgui_gbasic.o(.text)
    SOLGUI_GBasic_Rectangle                  0x08001103   Thumb Code   210  solgui_gbasic.o(.text)
    SOLGUI_GBasic_Circle                     0x080011d5   Thumb Code   242  solgui_gbasic.o(.text)
    SOLGUI_GetPixel                          0x080012c7   Thumb Code    40  solgui_picture.o(.text)
    SOLGUI_Pictrue                           0x080012ef   Thumb Code   102  solgui_picture.o(.text)
    FIFO_Init                                0x08001355   Thumb Code    18  solgui_menu.o(.text)
    FIFO_EnQueue                             0x08001367   Thumb Code    28  solgui_menu.o(.text)
    FIFO_DeQueue                             0x08001383   Thumb Code    46  solgui_menu.o(.text)
    SOLGUI_Menu_Title                        0x080013b1   Thumb Code   110  solgui_menu.o(.text)
    SOLGUI_Menu_SetHomePage                  0x0800141f   Thumb Code    14  solgui_menu.o(.text)
    SOLGUI_InputKey                          0x0800142d   Thumb Code    12  solgui_menu.o(.text)
    SOLGUI_GetCurrentKey                     0x08001439   Thumb Code     6  solgui_menu.o(.text)
    SOLGUI_Menu_PageStage                    0x0800143f   Thumb Code    74  solgui_menu.o(.text)
    _OptionsDisplay_Judge                    0x080014a9   Thumb Code    38  solgui_widget.o(.text)
    _OptionsDisplay_coorY                    0x080014cf   Thumb Code    22  solgui_widget.o(.text)
    SOLGUI_Cursor                            0x080014e5   Thumb Code   596  solgui_widget.o(.text)
    SOLGUI_Widget_GotoPage                   0x08001739   Thumb Code   152  solgui_widget.o(.text)
    _Pow_10                                  0x080017d1   Thumb Code    84  solgui_widget.o(.text)
    SOLGUI_Widget_Spin                       0x08001825   Thumb Code  1378  solgui_widget.o(.text)
    SOLGUI_Widget_OptionText                 0x08001d87   Thumb Code    62  solgui_widget.o(.text)
    SOLGUI_Widget_Button                     0x08001dc5   Thumb Code   156  solgui_widget.o(.text)
    SOLGUI_Widget_Switch                     0x08001e61   Thumb Code   188  solgui_widget.o(.text)
    _String_LenCtrlCpy                       0x08001f1d   Thumb Code    40  solgui_widget.o(.text)
    SOLGUI_Widget_Edit                       0x08001f45   Thumb Code  1300  solgui_widget.o(.text)
    SOLGUI_Widget_Text                       0x08002459   Thumb Code    50  solgui_widget.o(.text)
    SOLGUI_Widget_Bar                        0x0800248b   Thumb Code   488  solgui_widget.o(.text)
    SOLGUI_Widget_Spectrum                   0x08002673   Thumb Code   348  solgui_widget.o(.text)
    SOLGUI_Widget_Oscillogram                0x080027cf   Thumb Code    60  solgui_widget.o(.text)
    SOLGUI_Oscillogram_Probe                 0x0800280b   Thumb Code    52  solgui_widget.o(.text)
    SOLGUI_Widget_Picture                    0x0800283f   Thumb Code   310  solgui_widget.o(.text)
    System_NVIC_SetVectorTable               0x08002979   Thumb Code    12  system.o(.text)
    System_NVIC_PriorityGroupConfig          0x08002985   Thumb Code    42  system.o(.text)
    MYRCC_DeInit                             0x080029af   Thumb Code    90  system.o(.text)
    System_Standby                           0x08002a09   Thumb Code    78  system.o(.text)
    System_Soft_Reset                        0x08002a57   Thumb Code    10  system.o(.text)
    System_NVIC_Init                         0x08002a61   Thumb Code   154  system.o(.text)
    System_EXTI_Init                         0x08002afb   Thumb Code   142  system.o(.text)
    Stm32_Clock_Init                         0x08002b89   Thumb Code   124  system.o(.text)
    delay_init                               0x08002c4d   Thumb Code    44  delay.o(.text)
    delay_us                                 0x08002c79   Thumb Code    54  delay.o(.text)
    delay_ms                                 0x08002caf   Thumb Code    54  delay.o(.text)
    Reset_Handler                            0x08002ced   Thumb Code     4  stm32f10x_vector.o(.text)
    __user_initial_stackheap                 0x08002cf1   Thumb Code     0  stm32f10x_vector.o(.text)
    strcpy                                   0x08002d11   Thumb Code    72  strcpy.o(.text)
    strlen                                   0x08002d59   Thumb Code    62  strlen.o(.text)
    __aeabi_memclr                           0x08002d97   Thumb Code     0  rt_memclr.o(.text)
    __rt_memclr                              0x08002d97   Thumb Code    68  rt_memclr.o(.text)
    _memset                                  0x08002d9b   Thumb Code     0  rt_memclr.o(.text)
    __aeabi_memclr4                          0x08002ddb   Thumb Code     0  rt_memclr_w.o(.text)
    __aeabi_memclr8                          0x08002ddb   Thumb Code     0  rt_memclr_w.o(.text)
    __rt_memclr_w                            0x08002ddb   Thumb Code    78  rt_memclr_w.o(.text)
    _memset_w                                0x08002ddf   Thumb Code     0  rt_memclr_w.o(.text)
    strncpy                                  0x08002e29   Thumb Code    86  strncpy.o(.text)
    __use_two_region_memory                  0x08002e7f   Thumb Code     2  heapauxi.o(.text)
    __rt_heap_escrow$2region                 0x08002e81   Thumb Code     2  heapauxi.o(.text)
    __rt_heap_expand$2region                 0x08002e83   Thumb Code     2  heapauxi.o(.text)
    __user_setup_stackheap                   0x08002e85   Thumb Code    74  sys_stackheap_outer.o(.text)
    exit                                     0x08002ecf   Thumb Code    12  exit.o(.text)
    __user_libspace                          0x08002edd   Thumb Code     8  libspace.o(.text)
    __user_perproc_libspace                  0x08002edd   Thumb Code     0  libspace.o(.text)
    __user_perthread_libspace                0x08002edd   Thumb Code     0  libspace.o(.text)
    __rt_fp_status_addr                      0x08002ee5   Thumb Code    12  rt_fp_status_addr_intlibspace.o(.text)
    _sys_exit                                0x08002ef1   Thumb Code     8  sys_exit.o(.text)
    __I$use$semihosting                      0x08002efd   Thumb Code     0  use_no_semi.o(.text)
    __use_no_semihosting_swi                 0x08002efd   Thumb Code     2  use_no_semi.o(.text)
    __aeabi_d2f                              0x08002f01   Thumb Code     0  d2f.o(x$fpl$d2f)
    _d2f                                     0x08002f01   Thumb Code    98  d2f.o(x$fpl$d2f)
    __aeabi_dadd                             0x08002f65   Thumb Code     0  daddsub_clz.o(x$fpl$dadd)
    _dadd                                    0x08002f65   Thumb Code   328  daddsub_clz.o(x$fpl$dadd)
    __fpl_dcmp_Inf                           0x080030b1   Thumb Code    24  dcmpi.o(x$fpl$dcmpinf)
    __aeabi_ddiv                             0x080030c9   Thumb Code     0  ddiv.o(x$fpl$ddiv)
    _ddiv                                    0x080030c9   Thumb Code   552  ddiv.o(x$fpl$ddiv)
    __aeabi_d2iz                             0x08003379   Thumb Code     0  dfix.o(x$fpl$dfix)
    _dfix                                    0x08003379   Thumb Code    94  dfix.o(x$fpl$dfix)
    __aeabi_d2uiz                            0x080033d9   Thumb Code     0  dfixu.o(x$fpl$dfixu)
    _dfixu                                   0x080033d9   Thumb Code    90  dfixu.o(x$fpl$dfixu)
    __aeabi_i2d                              0x08003433   Thumb Code     0  dflt_clz.o(x$fpl$dflt)
    _dflt                                    0x08003433   Thumb Code    46  dflt_clz.o(x$fpl$dflt)
    __aeabi_ui2d                             0x08003461   Thumb Code     0  dflt_clz.o(x$fpl$dfltu)
    _dfltu                                   0x08003461   Thumb Code    38  dflt_clz.o(x$fpl$dfltu)
    __aeabi_cdcmple                          0x08003489   Thumb Code     0  dleqf.o(x$fpl$dleqf)
    _dcmple                                  0x08003489   Thumb Code   120  dleqf.o(x$fpl$dleqf)
    __fpl_dcmple_InfNaN                      0x080034eb   Thumb Code     0  dleqf.o(x$fpl$dleqf)
    __aeabi_dmul                             0x08003501   Thumb Code     0  dmul.o(x$fpl$dmul)
    _dmul                                    0x08003501   Thumb Code   332  dmul.o(x$fpl$dmul)
    __fpl_dnaninf                            0x08003655   Thumb Code   156  dnaninf.o(x$fpl$dnaninf)
    __fpl_dretinf                            0x080036f1   Thumb Code    12  dretinf.o(x$fpl$dretinf)
    __aeabi_cdrcmple                         0x080036fd   Thumb Code     0  drleqf.o(x$fpl$drleqf)
    _drcmple                                 0x080036fd   Thumb Code   108  drleqf.o(x$fpl$drleqf)
    __aeabi_drsub                            0x08003769   Thumb Code     0  daddsub_clz.o(x$fpl$drsb)
    _drsb                                    0x08003769   Thumb Code    22  daddsub_clz.o(x$fpl$drsb)
    __aeabi_dsub                             0x08003781   Thumb Code     0  daddsub_clz.o(x$fpl$dsub)
    _dsub                                    0x08003781   Thumb Code   464  daddsub_clz.o(x$fpl$dsub)
    __aeabi_f2d                              0x08003955   Thumb Code     0  f2d.o(x$fpl$f2d)
    _f2d                                     0x08003955   Thumb Code    86  f2d.o(x$fpl$f2d)
    __aeabi_fadd                             0x080039ad   Thumb Code     0  faddsub_clz.o(x$fpl$fadd)
    _fadd                                    0x080039ad   Thumb Code   196  faddsub_clz.o(x$fpl$fadd)
    __aeabi_fdiv                             0x08003a71   Thumb Code     0  fdiv.o(x$fpl$fdiv)
    _fdiv                                    0x08003a71   Thumb Code   384  fdiv.o(x$fpl$fdiv)
    __aeabi_f2uiz                            0x08003bf5   Thumb Code     0  ffixu.o(x$fpl$ffixu)
    _ffixu                                   0x08003bf5   Thumb Code    62  ffixu.o(x$fpl$ffixu)
    __aeabi_ui2f                             0x08003c35   Thumb Code     0  fflt_clz.o(x$fpl$ffltu)
    _ffltu                                   0x08003c35   Thumb Code    38  fflt_clz.o(x$fpl$ffltu)
    __aeabi_fmul                             0x08003c5d   Thumb Code     0  fmul.o(x$fpl$fmul)
    _fmul                                    0x08003c5d   Thumb Code   258  fmul.o(x$fpl$fmul)
    __fpl_fnaninf                            0x08003d5f   Thumb Code   140  fnaninf.o(x$fpl$fnaninf)
    _fp_init                                 0x08003deb   Thumb Code    14  fpinit.o(x$fpl$fpinit)
    __fplib_config_pureend_doubles           0x08003df7   Thumb Code     0  fpinit.o(x$fpl$fpinit)
    __fpl_fretinf                            0x08003df9   Thumb Code    10  fretinf.o(x$fpl$fretinf)
    __aeabi_frsub                            0x08003e03   Thumb Code     0  faddsub_clz.o(x$fpl$frsb)
    _frsb                                    0x08003e03   Thumb Code    20  faddsub_clz.o(x$fpl$frsb)
    __aeabi_fsub                             0x08003e19   Thumb Code     0  faddsub_clz.o(x$fpl$fsub)
    _fsub                                    0x08003e19   Thumb Code   234  faddsub_clz.o(x$fpl$fsub)
    _Font6x8                                 0x08003f02   Data         848  font6x8_ascii.o(.constdata)
    __I$use$fp                               0x08003f03   Thumb Code     0  usenofp.o(x$fpl$usenofp)
    SOL_ASCII_IME_lowerchar                  0x08004252   Data          27  solgui_widget.o(.constdata)
    SOL_ASCII_IME_upperchar                  0x0800426d   Data          27  solgui_widget.o(.constdata)
    SOL_ASCII_IME_Number                     0x08004288   Data          29  solgui_widget.o(.constdata)
    SOL_ASCII_IME_symbol                     0x080042a5   Data          15  solgui_widget.o(.constdata)
    SOL_ASCII_IME_CRLchar                    0x080042b4   Data           3  solgui_widget.o(.constdata)
    Region$$Table$$Base                      0x080042dc   Number         0  anon$$obj.o(Region$$Table)
    Region$$Table$$Limit                     0x080042fc   Number         0  anon$$obj.o(Region$$Table)
    index                                    0x20000000   Data          12  menu.o(.data)
    _Key_R                                   0x2000000c   Data          12  pixelc_hw_key.o(.data)
    _Key_D                                   0x20000018   Data          12  pixelc_hw_key.o(.data)
    _Key_L                                   0x20000024   Data          12  pixelc_hw_key.o(.data)
    _Key_OK                                  0x20000030   Data          12  pixelc_hw_key.o(.data)
    _Key_U                                   0x2000003c   Data          12  pixelc_hw_key.o(.data)
    _Key_BK                                  0x20000048   Data          12  pixelc_hw_key.o(.data)
    _Key_A                                   0x20000054   Data          12  pixelc_hw_key.o(.data)
    _Key_B                                   0x20000060   Data          12  pixelc_hw_key.o(.data)
    Key                                      0x2000006c   Data          32  pixelc_hw_key.o(.data)
    Switch_1                                 0x2000008c   Data          12  pixelc_hw_key.o(.data)
    Switch_2                                 0x20000098   Data          12  pixelc_hw_key.o(.data)
    _fontInfo_6x8                            0x200000a8   Data           8  solgui_printf.o(.data)
    cur_key                                  0x200000b0   Data           1  solgui_menu.o(.data)
    SOLGUI_CSR                               0x200000b1   Data           1  solgui_menu.o(.data)
    current_page                             0x200000b4   Data           4  solgui_menu.o(.data)
    _key_cache                               0x200000b8   Data           7  solgui_menu.o(.data)
    IME_CLUSTER_LC                           0x200000c0   Data          16  solgui_widget.o(.data)
    IME_CLUSTER_UC                           0x200000d0   Data          16  solgui_widget.o(.data)
    IME_CLUSTER_NU                           0x200000e0   Data          16  solgui_widget.o(.data)
    IME_CLUSTER_SY                           0x200000f0   Data          16  solgui_widget.o(.data)
    IME_CLUSTER_CR                           0x20000100   Data          16  solgui_widget.o(.data)
    SOL_ASCII_IME_REG                        0x20000110   Data          24  solgui_widget.o(.data)
    SOL_ASCII_IME                            0x20000128   Data           4  solgui_widget.o(.data)
    cursor                                   0x2000012c   Data           4  solgui_widget.o(.data)
    SOLGUI_GRAM                              0x2000013c   Data        1024  solgui_common.o(.bss)
    cursor_reg                               0x2000053c   Data          12  solgui_widget.o(.bss)
    option_enable_list                       0x20000571   Data          16  solgui_widget.o(.bss)
    __libspace_start                         0x20000584   Data          96  libspace.o(.bss)
    __temporary_stack_top$libspace           0x200005e4   Data           0  libspace.o(.bss)



==============================================================================

Memory Map of the image

  Image Entry point : 0x08000131

  Load Region LR_IROM1 (Base: 0x08000000, Size: 0x00004438, Max: 0x00010000, ABSOLUTE, COMPRESSED[0x000043a0])

    Execution Region ER_IROM1 (Base: 0x08000000, Size: 0x000042fc, Max: 0x00010000, ABSOLUTE)

    Base Addr    Size         Type   Attr      Idx    E Section Name        Object

    0x08000000   0x00000130   Data   RO          728    RESET               stm32f10x_vector.o
    0x08000130   0x00000008   Code   RO          747  * !!!main             c_w.l(__main.o)(c_w.l)
    0x08000138   0x00000034   Code   RO          978    !!!scatter          c_w.l(__scatter.o)(c_w.l)
    0x0800016c   0x0000005a   Code   RO          976    !!dczerorl2         c_w.l(__dczerorl2.o)(c_w.l)
    0x080001c6   0x00000002   PAD
    0x080001c8   0x0000001c   Code   RO          980    !!handler_zi        c_w.l(__scatter_zi.o)(c_w.l)
    0x080001e4   0x00000006   Code   RO          846    .ARM.Collect$$libinit$$00000000  c_w.l(libinit.o)(c_w.l)
    0x080001ea   0x00000000   Code   RO          854    .ARM.Collect$$libinit$$00000006  c_w.l(libinit2.o)(c_w.l)
    0x080001ea   0x00000000   Code   RO          856    .ARM.Collect$$libinit$$00000008  c_w.l(libinit2.o)(c_w.l)
    0x080001ea   0x00000000   Code   RO          858    .ARM.Collect$$libinit$$0000000A  c_w.l(libinit2.o)(c_w.l)
    0x080001ea   0x00000000   Code   RO          861    .ARM.Collect$$libinit$$0000000D  c_w.l(libinit2.o)(c_w.l)
    0x080001ea   0x00000000   Code   RO          863    .ARM.Collect$$libinit$$0000000F  c_w.l(libinit2.o)(c_w.l)
    0x080001ea   0x00000000   Code   RO          865    .ARM.Collect$$libinit$$00000011  c_w.l(libinit2.o)(c_w.l)
    0x080001ea   0x00000000   Code   RO          867    .ARM.Collect$$libinit$$00000013  c_w.l(libinit2.o)(c_w.l)
    0x080001ea   0x00000000   Code   RO          869    .ARM.Collect$$libinit$$00000015  c_w.l(libinit2.o)(c_w.l)
    0x080001ea   0x00000000   Code   RO          871    .ARM.Collect$$libinit$$00000017  c_w.l(libinit2.o)(c_w.l)
    0x080001ea   0x00000000   Code   RO          873    .ARM.Collect$$libinit$$00000019  c_w.l(libinit2.o)(c_w.l)
    0x080001ea   0x00000000   Code   RO          875    .ARM.Collect$$libinit$$0000001B  c_w.l(libinit2.o)(c_w.l)
    0x080001ea   0x00000000   Code   RO          877    .ARM.Collect$$libinit$$0000001D  c_w.l(libinit2.o)(c_w.l)
    0x080001ea   0x00000000   Code   RO          879    .ARM.Collect$$libinit$$0000001F  c_w.l(libinit2.o)(c_w.l)
    0x080001ea   0x00000000   Code   RO          881    .ARM.Collect$$libinit$$00000021  c_w.l(libinit2.o)(c_w.l)
    0x080001ea   0x00000000   Code   RO          885    .ARM.Collect$$libinit$$00000028  c_w.l(libinit2.o)(c_w.l)
    0x080001ea   0x00000000   Code   RO          887    .ARM.Collect$$libinit$$0000002A  c_w.l(libinit2.o)(c_w.l)
    0x080001ea   0x00000000   Code   RO          889    .ARM.Collect$$libinit$$0000002C  c_w.l(libinit2.o)(c_w.l)
    0x080001ea   0x00000000   Code   RO          891    .ARM.Collect$$libinit$$0000002E  c_w.l(libinit2.o)(c_w.l)
    0x080001ea   0x00000002   Code   RO          892    .ARM.Collect$$libinit$$0000002F  c_w.l(libinit2.o)(c_w.l)
    0x080001ec   0x00000002   Code   RO          918    .ARM.Collect$$libshutdown$$00000000  c_w.l(libshutdown.o)(c_w.l)
    0x080001ee   0x00000000   Code   RO          931    .ARM.Collect$$libshutdown$$00000003  c_w.l(libshutdown2.o)(c_w.l)
    0x080001ee   0x00000000   Code   RO          934    .ARM.Collect$$libshutdown$$00000006  c_w.l(libshutdown2.o)(c_w.l)
    0x080001ee   0x00000000   Code   RO          937    .ARM.Collect$$libshutdown$$00000009  c_w.l(libshutdown2.o)(c_w.l)
    0x080001ee   0x00000000   Code   RO          939    .ARM.Collect$$libshutdown$$0000000B  c_w.l(libshutdown2.o)(c_w.l)
    0x080001ee   0x00000000   Code   RO          942    .ARM.Collect$$libshutdown$$0000000E  c_w.l(libshutdown2.o)(c_w.l)
    0x080001ee   0x00000002   Code   RO          943    .ARM.Collect$$libshutdown$$0000000F  c_w.l(libshutdown2.o)(c_w.l)
    0x080001f0   0x00000000   Code   RO          805    .ARM.Collect$$rtentry$$00000000  c_w.l(rtentry.o)(c_w.l)
    0x080001f0   0x00000000   Code   RO          819    .ARM.Collect$$rtentry$$00000002  c_w.l(rtentry2.o)(c_w.l)
    0x080001f0   0x00000006   Code   RO          834    .ARM.Collect$$rtentry$$00000004  c_w.l(rtentry4.o)(c_w.l)
    0x080001f6   0x00000000   Code   RO          821    .ARM.Collect$$rtentry$$00000009  c_w.l(rtentry2.o)(c_w.l)
    0x080001f6   0x00000004   Code   RO          822    .ARM.Collect$$rtentry$$0000000A  c_w.l(rtentry2.o)(c_w.l)
    0x080001fa   0x00000000   Code   RO          824    .ARM.Collect$$rtentry$$0000000C  c_w.l(rtentry2.o)(c_w.l)
    0x080001fa   0x00000008   Code   RO          825    .ARM.Collect$$rtentry$$0000000D  c_w.l(rtentry2.o)(c_w.l)
    0x08000202   0x00000002   Code   RO          850    .ARM.Collect$$rtexit$$00000000  c_w.l(rtexit.o)(c_w.l)
    0x08000204   0x00000000   Code   RO          896    .ARM.Collect$$rtexit$$00000002  c_w.l(rtexit2.o)(c_w.l)
    0x08000204   0x00000004   Code   RO          897    .ARM.Collect$$rtexit$$00000003  c_w.l(rtexit2.o)(c_w.l)
    0x08000208   0x00000006   Code   RO          898    .ARM.Collect$$rtexit$$00000004  c_w.l(rtexit2.o)(c_w.l)
    0x0800020e   0x00000002   PAD
    0x08000210   0x00000002   Code   RO          573    .emb_text           system.o
    0x08000212   0x00000002   PAD
    0x08000214   0x00000034   Code   RO            1    .text               main.o
    0x08000248   0x0000001c   Code   RO          178    .text               menu.o
    0x08000264   0x00000092   Code   RO          194    .text               stm32f10x_it.o
    0x080002f6   0x00000002   PAD
    0x080002f8   0x000002b4   Code   RO          243    .text               pixelc_hw_key.o
    0x080005ac   0x000002e4   Code   RO          288    .text               pixelc_hw_oled.o
    0x08000890   0x0000001c   Code   RO          321    .text               solgui_hardware.o
    0x080008ac   0x00000090   Code   RO          396    .text               solgui_common.o
    0x0800093c   0x000005f8   Code   RO          483    .text               solgui_printf.o
    0x08000f34   0x00000392   Code   RO          514    .text               solgui_gbasic.o
    0x080012c6   0x0000008e   Code   RO          526    .text               solgui_picture.o
    0x08001354   0x00000154   Code   RO          538    .text               solgui_menu.o
    0x080014a8   0x000014d0   Code   RO          554    .text               solgui_widget.o
    0x08002978   0x000002d4   Code   RO          574    .text               system.o
    0x08002c4c   0x000000a0   Code   RO          613    .text               delay.o
    0x08002cec   0x00000024   Code   RO          729    .text               stm32f10x_vector.o
    0x08002d10   0x00000048   Code   RO          735    .text               c_w.l(strcpy.o)(c_w.l)
    0x08002d58   0x0000003e   Code   RO          737    .text               c_w.l(strlen.o)(c_w.l)
    0x08002d96   0x00000044   Code   RO          739    .text               c_w.l(rt_memclr.o)(c_w.l)
    0x08002dda   0x0000004e   Code   RO          741    .text               c_w.l(rt_memclr_w.o)(c_w.l)
    0x08002e28   0x00000056   Code   RO          743    .text               c_w.l(strncpy.o)(c_w.l)
    0x08002e7e   0x00000006   Code   RO          745    .text               c_w.l(heapauxi.o)(c_w.l)
    0x08002e84   0x0000004a   Code   RO          836    .text               c_w.l(sys_stackheap_outer.o)(c_w.l)
    0x08002ece   0x0000000c   Code   RO          838    .text               c_w.l(exit.o)(c_w.l)
    0x08002eda   0x00000002   PAD
    0x08002edc   0x00000008   Code   RO          847    .text               c_w.l(libspace.o)(c_w.l)
    0x08002ee4   0x0000000c   Code   RO          906    .text               c_w.l(rt_fp_status_addr_intlibspace.o)(c_w.l)
    0x08002ef0   0x0000000c   Code   RO          910    .text               c_w.l(sys_exit.o)(c_w.l)
    0x08002efc   0x00000002   Code   RO          921    .text               c_w.l(use_no_semi.o)(c_w.l)
    0x08002efe   0x00000002   PAD
    0x08002f00   0x00000062   Code   RO          749    x$fpl$d2f           fz_ws.l(d2f.o)(fz_ws.l)
    0x08002f62   0x00000002   PAD
    0x08002f64   0x0000014c   Code   RO          751    x$fpl$dadd          fz_ws.l(daddsub_clz.o)(fz_ws.l)
    0x080030b0   0x00000018   Code   RO          807    x$fpl$dcmpinf       fz_ws.l(dcmpi.o)(fz_ws.l)
    0x080030c8   0x000002b0   Code   RO          758    x$fpl$ddiv          fz_ws.l(ddiv.o)(fz_ws.l)
    0x08003378   0x0000005e   Code   RO          761    x$fpl$dfix          fz_ws.l(dfix.o)(fz_ws.l)
    0x080033d6   0x00000002   PAD
    0x080033d8   0x0000005a   Code   RO          765    x$fpl$dfixu         fz_ws.l(dfixu.o)(fz_ws.l)
    0x08003432   0x0000002e   Code   RO          770    x$fpl$dflt          fz_ws.l(dflt_clz.o)(fz_ws.l)
    0x08003460   0x00000026   Code   RO          769    x$fpl$dfltu         fz_ws.l(dflt_clz.o)(fz_ws.l)
    0x08003486   0x00000002   PAD
    0x08003488   0x00000078   Code   RO          775    x$fpl$dleqf         fz_ws.l(dleqf.o)(fz_ws.l)
    0x08003500   0x00000154   Code   RO          777    x$fpl$dmul          fz_ws.l(dmul.o)(fz_ws.l)
    0x08003654   0x0000009c   Code   RO          809    x$fpl$dnaninf       fz_ws.l(dnaninf.o)(fz_ws.l)
    0x080036f0   0x0000000c   Code   RO          811    x$fpl$dretinf       fz_ws.l(dretinf.o)(fz_ws.l)
    0x080036fc   0x0000006c   Code   RO          779    x$fpl$drleqf        fz_ws.l(drleqf.o)(fz_ws.l)
    0x08003768   0x00000016   Code   RO          752    x$fpl$drsb          fz_ws.l(daddsub_clz.o)(fz_ws.l)
    0x0800377e   0x00000002   PAD
    0x08003780   0x000001d4   Code   RO          753    x$fpl$dsub          fz_ws.l(daddsub_clz.o)(fz_ws.l)
    0x08003954   0x00000056   Code   RO          781    x$fpl$f2d           fz_ws.l(f2d.o)(fz_ws.l)
    0x080039aa   0x00000002   PAD
    0x080039ac   0x000000c4   Code   RO          783    x$fpl$fadd          fz_ws.l(faddsub_clz.o)(fz_ws.l)
    0x08003a70   0x00000184   Code   RO          790    x$fpl$fdiv          fz_ws.l(fdiv.o)(fz_ws.l)
    0x08003bf4   0x0000003e   Code   RO          793    x$fpl$ffixu         fz_ws.l(ffixu.o)(fz_ws.l)
    0x08003c32   0x00000002   PAD
    0x08003c34   0x00000026   Code   RO          797    x$fpl$ffltu         fz_ws.l(fflt_clz.o)(fz_ws.l)
    0x08003c5a   0x00000002   PAD
    0x08003c5c   0x00000102   Code   RO          803    x$fpl$fmul          fz_ws.l(fmul.o)(fz_ws.l)
    0x08003d5e   0x0000008c   Code   RO          813    x$fpl$fnaninf       fz_ws.l(fnaninf.o)(fz_ws.l)
    0x08003dea   0x0000000e   Code   RO          893    x$fpl$fpinit        fz_ws.l(fpinit.o)(fz_ws.l)
    0x08003df8   0x0000000a   Code   RO          815    x$fpl$fretinf       fz_ws.l(fretinf.o)(fz_ws.l)
    0x08003e02   0x00000014   Code   RO          784    x$fpl$frsb          fz_ws.l(faddsub_clz.o)(fz_ws.l)
    0x08003e16   0x00000002   PAD
    0x08003e18   0x000000ea   Code   RO          785    x$fpl$fsub          fz_ws.l(faddsub_clz.o)(fz_ws.l)
    0x08003f02   0x00000000   Code   RO          817    x$fpl$usenofp       fz_ws.l(usenofp.o)(fz_ws.l)
    0x08003f02   0x00000350   Data   RO          451    .constdata          font6x8_ascii.o
    0x08004252   0x00000065   Data   RO          556    .constdata          solgui_widget.o
    0x080042b7   0x00000006   Data   RO          179    .conststring        menu.o
    0x080042bd   0x0000001f   Data   RO          557    .conststring        solgui_widget.o
    0x080042dc   0x00000020   Data   RO          974    Region$$Table       anon$$obj.o


    Execution Region RW_IRAM1 (Base: 0x20000000, Size: 0x00000de8, Max: 0x00005000, ABSOLUTE, COMPRESSED[0x000000a4])

    Base Addr    Size         Type   Attr      Idx    E Section Name        Object

    0x20000000   0x0000000c   Data   RW          180    .data               menu.o
    0x2000000c   0x00000099   Data   RW          244    .data               pixelc_hw_key.o
    0x200000a5   0x00000003   PAD
    0x200000a8   0x00000008   Data   RW          484    .data               solgui_printf.o
    0x200000b0   0x0000000f   Data   RW          539    .data               solgui_menu.o
    0x200000bf   0x00000001   PAD
    0x200000c0   0x00000076   Data   RW          558    .data               solgui_widget.o
    0x20000136   0x00000004   Data   RW          614    .data               delay.o
    0x2000013a   0x00000002   PAD
    0x2000013c   0x00000400   Zero   RW          397    .bss                solgui_common.o
    0x2000053c   0x00000045   Zero   RW          555    .bss                solgui_widget.o
    0x20000581   0x00000003   PAD
    0x20000584   0x00000060   Zero   RW          848    .bss                c_w.l(libspace.o)(c_w.l)
    0x200005e4   0x00000004   PAD
    0x200005e8   0x00000400   Zero   RW          727    HEAP                stm32f10x_vector.o
    0x200009e8   0x00000400   Zero   RW          726    STACK               stm32f10x_vector.o


==============================================================================

Image component sizes


      Code (inc. data)   RO Data    RW Data    ZI Data      Debug   Object Name

       160          8          0          4          0          0   delay.o
         0          0          0          0          0          0   font4x6_ascii.o
         0          0        848          0          0          0   font6x8_ascii.o
        52          6          0          0          0          0   main.o
        28         12          6         12          0          0   menu.o
         0          0          0          0          0          0   pixelc_hw_flaglight.o
       692         70          0        153          0          0   pixelc_hw_key.o
       740         32          0          0          0          0   pixelc_hw_oled.o
       144          6          0          0       1024          0   solgui_common.o
       914          0          0          0          0          0   solgui_gbasic.o
        28          0          0          0          0          0   solgui_hardware.o
       340         32          0         15          0          0   solgui_menu.o
       142          0          0          0          0          0   solgui_picture.o
      1528          8          0          8          0          0   solgui_printf.o
      5328        200        132        118         69          0   solgui_widget.o
       146          0          0          0          0          0   stm32f10x_it.o
        36         22        304          0       2048          0   stm32f10x_vector.o
       726         72          0          0          0          0   system.o

    ----------------------------------------------------------------------
     11008        468       1322        316       3144          0   Object Totals
         0          0         32          0          0          0   (incl. Generated)
         4          0          0          6          3          1   (incl. Padding)

    ----------------------------------------------------------------------

      Code (inc. data)   RO Data    RW Data    ZI Data      Debug   Library Member Name

        90          0          0          0          0          0   __dczerorl2.o
         8          0          0          0          0          0   __main.o
        52          8          0          0          0          0   __scatter.o
        28          0          0          0          0          0   __scatter_zi.o
        12          0          0          0          0          0   exit.o
         6          0          0          0          0          0   heapauxi.o
         6          0          0          0          0          0   libinit.o
         2          0          0          0          0          0   libinit2.o
         2          0          0          0          0          0   libshutdown.o
         2          0          0          0          0          0   libshutdown2.o
         8          4          0          0         96          0   libspace.o
        12          4          0          0          0          0   rt_fp_status_addr_intlibspace.o
        68          0          0          0          0          0   rt_memclr.o
        78          0          0          0          0          0   rt_memclr_w.o
         0          0          0          0          0          0   rtentry.o
        12          0          0          0          0          0   rtentry2.o
         6          0          0          0          0          0   rtentry4.o
         2          0          0          0          0          0   rtexit.o
        10          0          0          0          0          0   rtexit2.o
        72          0          0          0          0          0   strcpy.o
        62          0          0          0          0          0   strlen.o
        86          0          0          0          0          0   strncpy.o
        12          4          0          0          0          0   sys_exit.o
        74          0          0          0          0          0   sys_stackheap_outer.o
         2          0          0          0          0          0   use_no_semi.o
        98          4          0          0          0          0   d2f.o
       822         16          0          0          0          0   daddsub_clz.o
        24          0          0          0          0          0   dcmpi.o
       688        140          0          0          0          0   ddiv.o
        94          4          0          0          0          0   dfix.o
        90          4          0          0          0          0   dfixu.o
        84          0          0          0          0          0   dflt_clz.o
       120          4          0          0          0          0   dleqf.o
       340         12          0          0          0          0   dmul.o
       156          4          0          0          0          0   dnaninf.o
        12          0          0          0          0          0   dretinf.o
       108          0          0          0          0          0   drleqf.o
        86          4          0          0          0          0   f2d.o
       450          8          0          0          0          0   faddsub_clz.o
       388         76          0          0          0          0   fdiv.o
        62          4          0          0          0          0   ffixu.o
        38          0          0          0          0          0   fflt_clz.o
       258          4          0          0          0          0   fmul.o
       140          4          0          0          0          0   fnaninf.o
        14          0          0          0          0          0   fpinit.o
        10          0          0          0          0          0   fretinf.o
         0          0          0          0          0          0   usenofp.o

    ----------------------------------------------------------------------
      4818        308          0          0        100          0   Library Totals
        24          0          0          0          4          0   (incl. Padding)

    ----------------------------------------------------------------------

      Code (inc. data)   RO Data    RW Data    ZI Data      Debug   Library Name

       712         20          0          0         96       1020   c_w.l
      4082        288          0          0          0       2356   fz_ws.l

    ----------------------------------------------------------------------
      4818        308          0          0        100          0   Library Totals

    ----------------------------------------------------------------------

==============================================================================


      Code (inc. data)   RO Data    RW Data    ZI Data      Debug   

     15826        776       1322        316       3244      49716   Grand Totals
     15826        776       1322        164       3244      49716   ELF Image Totals (compressed)
     15826        776       1322        164          0          0   ROM Totals

==============================================================================

    Total RO  Size (Code + RO Data)                17148 (  16.75kB)
    Total RW  Size (RW Data + ZI Data)              3560 (   3.48kB)
    Total ROM Size (Code + RO Data + RW Data)      17312 (  16.91kB)

==============================================================================

